Archive member included to satisfy reference by file (symbol)

d:/wch_car/ch32v307vct6/mounriveride/mounriver/mounriver_studio/toolchain/risc-v embedded gcc/bin/../lib/gcc/riscv-none-embed/8.2.0/../../../../riscv-none-embed/lib/rv32imafcxw/ilp32f\libm.a(lib_a-sf_tan.o)
                              ./code/JJJ_pid.o (tanf)
d:/wch_car/ch32v307vct6/mounriveride/mounriver/mounriver_studio/toolchain/risc-v embedded gcc/bin/../lib/gcc/riscv-none-embed/8.2.0/../../../../riscv-none-embed/lib/rv32imafcxw/ilp32f\libm.a(lib_a-wf_atan2.o)
                              ./code/Perspective.o (atan2f)
d:/wch_car/ch32v307vct6/mounriveride/mounriver/mounriver_studio/toolchain/risc-v embedded gcc/bin/../lib/gcc/riscv-none-embed/8.2.0/../../../../riscv-none-embed/lib/rv32imafcxw/ilp32f\libm.a(lib_a-ef_atan2.o)
                              d:/wch_car/ch32v307vct6/mounriveride/mounriver/mounriver_studio/toolchain/risc-v embedded gcc/bin/../lib/gcc/riscv-none-embed/8.2.0/../../../../riscv-none-embed/lib/rv32imafcxw/ilp32f\libm.a(lib_a-wf_atan2.o) (__ieee754_atan2f)
d:/wch_car/ch32v307vct6/mounriveride/mounriver/mounriver_studio/toolchain/risc-v embedded gcc/bin/../lib/gcc/riscv-none-embed/8.2.0/../../../../riscv-none-embed/lib/rv32imafcxw/ilp32f\libm.a(lib_a-ef_rem_pio2.o)
                              d:/wch_car/ch32v307vct6/mounriveride/mounriver/mounriver_studio/toolchain/risc-v embedded gcc/bin/../lib/gcc/riscv-none-embed/8.2.0/../../../../riscv-none-embed/lib/rv32imafcxw/ilp32f\libm.a(lib_a-sf_tan.o) (__ieee754_rem_pio2f)
d:/wch_car/ch32v307vct6/mounriveride/mounriver/mounriver_studio/toolchain/risc-v embedded gcc/bin/../lib/gcc/riscv-none-embed/8.2.0/../../../../riscv-none-embed/lib/rv32imafcxw/ilp32f\libm.a(lib_a-kf_rem_pio2.o)
                              d:/wch_car/ch32v307vct6/mounriveride/mounriver/mounriver_studio/toolchain/risc-v embedded gcc/bin/../lib/gcc/riscv-none-embed/8.2.0/../../../../riscv-none-embed/lib/rv32imafcxw/ilp32f\libm.a(lib_a-ef_rem_pio2.o) (__kernel_rem_pio2f)
d:/wch_car/ch32v307vct6/mounriveride/mounriver/mounriver_studio/toolchain/risc-v embedded gcc/bin/../lib/gcc/riscv-none-embed/8.2.0/../../../../riscv-none-embed/lib/rv32imafcxw/ilp32f\libm.a(lib_a-kf_tan.o)
                              d:/wch_car/ch32v307vct6/mounriveride/mounriver/mounriver_studio/toolchain/risc-v embedded gcc/bin/../lib/gcc/riscv-none-embed/8.2.0/../../../../riscv-none-embed/lib/rv32imafcxw/ilp32f\libm.a(lib_a-sf_tan.o) (__kernel_tanf)
d:/wch_car/ch32v307vct6/mounriveride/mounriver/mounriver_studio/toolchain/risc-v embedded gcc/bin/../lib/gcc/riscv-none-embed/8.2.0/../../../../riscv-none-embed/lib/rv32imafcxw/ilp32f\libm.a(lib_a-sf_atan.o)
                              d:/wch_car/ch32v307vct6/mounriveride/mounriver/mounriver_studio/toolchain/risc-v embedded gcc/bin/../lib/gcc/riscv-none-embed/8.2.0/../../../../riscv-none-embed/lib/rv32imafcxw/ilp32f\libm.a(lib_a-ef_atan2.o) (atanf)
d:/wch_car/ch32v307vct6/mounriveride/mounriver/mounriver_studio/toolchain/risc-v embedded gcc/bin/../lib/gcc/riscv-none-embed/8.2.0/../../../../riscv-none-embed/lib/rv32imafcxw/ilp32f\libm.a(lib_a-sf_fabs.o)
                              d:/wch_car/ch32v307vct6/mounriveride/mounriver/mounriver_studio/toolchain/risc-v embedded gcc/bin/../lib/gcc/riscv-none-embed/8.2.0/../../../../riscv-none-embed/lib/rv32imafcxw/ilp32f\libm.a(lib_a-ef_atan2.o) (fabsf)
d:/wch_car/ch32v307vct6/mounriveride/mounriver/mounriver_studio/toolchain/risc-v embedded gcc/bin/../lib/gcc/riscv-none-embed/8.2.0/../../../../riscv-none-embed/lib/rv32imafcxw/ilp32f\libm.a(lib_a-sf_floor.o)
                              d:/wch_car/ch32v307vct6/mounriveride/mounriver/mounriver_studio/toolchain/risc-v embedded gcc/bin/../lib/gcc/riscv-none-embed/8.2.0/../../../../riscv-none-embed/lib/rv32imafcxw/ilp32f\libm.a(lib_a-kf_rem_pio2.o) (floorf)
d:/wch_car/ch32v307vct6/mounriveride/mounriver/mounriver_studio/toolchain/risc-v embedded gcc/bin/../lib/gcc/riscv-none-embed/8.2.0/../../../../riscv-none-embed/lib/rv32imafcxw/ilp32f\libm.a(lib_a-sf_scalbn.o)
                              d:/wch_car/ch32v307vct6/mounriveride/mounriver/mounriver_studio/toolchain/risc-v embedded gcc/bin/../lib/gcc/riscv-none-embed/8.2.0/../../../../riscv-none-embed/lib/rv32imafcxw/ilp32f\libm.a(lib_a-kf_rem_pio2.o) (scalbnf)
d:/wch_car/ch32v307vct6/mounriveride/mounriver/mounriver_studio/toolchain/risc-v embedded gcc/bin/../lib/gcc/riscv-none-embed/8.2.0/../../../../riscv-none-embed/lib/rv32imafcxw/ilp32f\libm.a(lib_a-sf_copysign.o)
                              d:/wch_car/ch32v307vct6/mounriveride/mounriver/mounriver_studio/toolchain/risc-v embedded gcc/bin/../lib/gcc/riscv-none-embed/8.2.0/../../../../riscv-none-embed/lib/rv32imafcxw/ilp32f\libm.a(lib_a-sf_scalbn.o) (copysignf)
d:/wch_car/ch32v307vct6/mounriveride/mounriver/mounriver_studio/toolchain/risc-v embedded gcc/bin/../lib/gcc/riscv-none-embed/8.2.0/../../../../riscv-none-embed/lib/rv32imafcxw/ilp32f\libprintfloat.a(printfloat.o)
[...]
Memory Configuration

Name             Origin             Length             Attributes
FLASH            0x0000000000000000 0x0000000000040000 xr
RAM              0x0000000020000000 0x0000000000010000 xrw
*default*        0x0000000000000000 0xffffffffffffffff

Linker script and memory map

LOAD ./zf_driver/zf_driver_adc.o
LOAD ./zf_driver/zf_driver_delay.o
LOAD ./zf_driver/zf_driver_dvp.o
LOAD ./zf_driver/zf_driver_encoder.o
LOAD ./zf_driver/zf_driver_exti.o
LOAD ./zf_driver/zf_driver_flash.o
LOAD ./zf_driver/zf_driver_gpio.o
LOAD ./zf_driver/zf_driver_irq.o
LOAD ./zf_driver/zf_driver_pit.o
LOAD ./zf_driver/zf_driver_pwm.o
LOAD ./zf_driver/zf_driver_soft_iic.o
LOAD ./zf_driver/zf_driver_spi.o
LOAD ./zf_driver/zf_driver_timer.o
LOAD ./zf_driver/zf_driver_uart.o
LOAD ./zf_driver/zf_driver_usb_cdc.o
LOAD ./zf_device/zf_device_absolute_encoder.o
LOAD ./zf_device/zf_device_bluetooth_ch9141.o
LOAD ./zf_device/zf_device_bluetooth_ch9141_ch2.o
LOAD ./zf_device/zf_device_camera.o
LOAD ./zf_device/zf_device_icm20602.o
LOAD ./zf_device/zf_device_ips114.o
LOAD ./zf_device/zf_device_ips200_parallel8.o
LOAD ./zf_device/zf_device_mpu6050.o
LOAD ./zf_device/zf_device_mt9v03x_dvp.o
LOAD ./zf_device/zf_device_oled.o
LOAD ./zf_device/zf_device_scc8660_dvp.o
LOAD ./zf_device/zf_device_tft180.o
LOAD ./zf_device/zf_device_type.o
LOAD ./zf_device/zf_device_virtual_oscilloscope.o
LOAD ./zf_device/zf_device_wireless_ch573.o
LOAD ./zf_device/zf_device_wireless_uart.o
LOAD ./zf_common/zf_common_clock.o
LOAD ./zf_common/zf_common_debug.o
LOAD ./zf_common/zf_common_fifo.o
LOAD ./zf_common/zf_common_font.o
LOAD ./zf_common/zf_common_function.o
LOAD ./zf_common/zf_common_interrupt.o
LOAD ./user_c/isr.o
LOAD ./user_c/main.o
LOAD ./sdk/Startup/startup_ch32v30x.o
LOAD ./sdk/Startup/system_ch32v30x.o
LOAD ./sdk/Peripheral/ch32v30x_adc.o
LOAD ./sdk/Peripheral/ch32v30x_bkp.o
LOAD ./sdk/Peripheral/ch32v30x_can.o
LOAD ./sdk/Peripheral/ch32v30x_crc.o
LOAD ./sdk/Peripheral/ch32v30x_dac.o
LOAD ./sdk/Peripheral/ch32v30x_dbgmcu.o
LOAD ./sdk/Peripheral/ch32v30x_dma.o
LOAD ./sdk/Peripheral/ch32v30x_dvp.o
LOAD ./sdk/Peripheral/ch32v30x_eth.o
LOAD ./sdk/Peripheral/ch32v30x_exti.o
LOAD ./sdk/Peripheral/ch32v30x_flash.o
LOAD ./sdk/Peripheral/ch32v30x_fsmc.o
LOAD ./sdk/Peripheral/ch32v30x_gpio.o
LOAD ./sdk/Peripheral/ch32v30x_i2c.o
LOAD ./sdk/Peripheral/ch32v30x_iwdg.o
LOAD ./sdk/Peripheral/ch32v30x_misc.o
LOAD ./sdk/Peripheral/ch32v30x_opa.o
LOAD ./sdk/Peripheral/ch32v30x_pwr.o
LOAD ./sdk/Peripheral/ch32v30x_rcc.o
LOAD ./sdk/Peripheral/ch32v30x_rng.o
LOAD ./sdk/Peripheral/ch32v30x_rtc.o
LOAD ./sdk/Peripheral/ch32v30x_sdio.o
LOAD ./sdk/Peripheral/ch32v30x_spi.o
LOAD ./sdk/Peripheral/ch32v30x_tim.o
LOAD ./sdk/Peripheral/ch32v30x_usart.o
LOAD ./sdk/Peripheral/ch32v30x_usbotg_device.o
LOAD ./sdk/Peripheral/ch32v30x_wwdg.o
LOAD ./sdk/Core/core_riscv.o
LOAD ./rtthread/src/clock.o
LOAD ./rtthread/src/components.o
LOAD ./rtthread/src/cpu.o
LOAD ./rtthread/src/device.o
LOAD ./rtthread/src/idle.o
LOAD ./rtthread/src/ipc.o
LOAD ./rtthread/src/irq.o
LOAD ./rtthread/src/kservice.o
LOAD ./rtthread/src/mem.o
LOAD ./rtthread/src/memheap.o
LOAD ./rtthread/src/mempool.o
LOAD ./rtthread/src/object.o
LOAD ./rtthread/src/scheduler.o
LOAD ./rtthread/src/slab.o
LOAD ./rtthread/src/thread.o
LOAD ./rtthread/src/timer.o
LOAD ./rtthread/libcpu/risc-v/common/context_gcc.o
LOAD ./rtthread/libcpu/risc-v/common/cpuport.o
LOAD ./rtthread/libcpu/risc-v/common/interrupt_gcc.o
LOAD ./rtthread/components/finsh/cmd.o
LOAD ./rtthread/components/finsh/msh.o
LOAD ./rtthread/components/finsh/msh_cmd.o
LOAD ./rtthread/components/finsh/msh_file.o
LOAD ./rtthread/components/finsh/shell.o
LOAD ./rtthread/components/finsh/symbol.o
LOAD ./rtthread/board.o
LOAD ./code/Communication_doublecar.o
LOAD ./code/CrossRoad.o
LOAD ./code/CrossWalk.o
LOAD ./code/DSPFunction.o
LOAD ./code/ElementProcess.o
LOAD ./code/FeatureProcess.o
LOAD ./code/FontFunction.o
LOAD ./code/GUIControl.o
LOAD ./code/HMIControl.o
LOAD ./code/IMU.o
LOAD ./code/ImageProcess.o
LOAD ./code/JJJ_pid.o
LOAD ./code/LeastSquare.o
LOAD ./code/Perspective.o
LOAD ./code/Roundabout.o
LOAD ./code/SchemeFunction.o
LOAD ./code/Split_ultrasonic.o
LOAD ./code/SystemOS.o
LOAD ./code/TaskFunction.o
LOAD ./code/TridentRoad.o
LOAD ./code/msh_cmd.o
LOAD d:/wch_car/ch32v307vct6/mounriveride/mounriver/mounriver_studio/toolchain/risc-v embedded gcc/bin/../lib/gcc/riscv-none-embed/8.2.0/../../../../riscv-none-embed/lib/rv32imafcxw/ilp32f\libm.a
LOAD d:/wch_car/ch32v307vct6/mounriveride/mounriver/mounriver_studio/toolchain/risc-v embedded gcc/bin/../lib/gcc/riscv-none-embed/8.2.0/../../../../riscv-none-embed/lib/rv32imafcxw/ilp32f\libprintfloat.a
LOAD d:/wch_car/ch32v307vct6/mounriveride/mounriver/mounriver_studio/toolchain/risc-v embedded gcc/bin/../lib/gcc/riscv-none-embed/8.2.0/rv32imafcxw/ilp32f\libgcc.a
LOAD d:/wch_car/ch32v307vct6/mounriveride/mounriver/mounriver_studio/toolchain/risc-v embedded gcc/bin/../lib/gcc/riscv-none-embed/8.2.0/../../../../riscv-none-embed/lib/rv32imafcxw/ilp32f\libg_nano.a
LOAD d:/wch_car/ch32v307vct6/mounriveride/mounriver/mounriver_studio/toolchain/risc-v embedded gcc/bin/../lib/gcc/riscv-none-embed/8.2.0/../../../../riscv-none-embed/lib/rv32imafcxw/ilp32f\libc_nano.a
LOAD d:/wch_car/ch32v307vct6/mounriveride/mounriver/mounriver_studio/toolchain/risc-v embedded gcc/bin/../lib/gcc/riscv-none-embed/8.2.0/rv32imafcxw/ilp32f\libgcc.a
START GROUP
LOAD d:/wch_car/ch32v307vct6/mounriveride/mounriver/mounriver_studio/toolchain/risc-v embedded gcc/bin/../lib/gcc/riscv-none-embed/8.2.0/rv32imafcxw/ilp32f\libgcc.a
LOAD d:/wch_car/ch32v307vct6/mounriveride/mounriver/mounriver_studio/toolchain/risc-v embedded gcc/bin/../lib/gcc/riscv-none-embed/8.2.0/../../../../riscv-none-embed/lib/rv32imafcxw/ilp32f\libc_nano.a
LOAD d:/wch_car/ch32v307vct6/mounriveride/mounriver/mounriver_studio/toolchain/risc-v embedded gcc/bin/../lib/gcc/riscv-none-embed/8.2.0/../../../../riscv-none-embed/lib/rv32imafcxw/ilp32f\libnosys.a
END GROUP
START GROUP
LOAD d:/wch_car/ch32v307vct6/mounriveride/mounriver/mounriver_studio/toolchain/risc-v embedded gcc/bin/../lib/gcc/riscv-none-embed/8.2.0/rv32imafcxw/ilp32f\libgcc.a
LOAD d:/wch_car/ch32v307vct6/mounriveride/mounriver/mounriver_studio/toolchain/risc-v embedded gcc/bin/../lib/gcc/riscv-none-embed/8.2.0/../../../../riscv-none-embed/lib/rv32imafcxw/ilp32f\libc_nano.a
LOAD d:/wch_car/ch32v307vct6/mounriveride/mounriver/mounriver_studio/toolchain/risc-v embedded gcc/bin/../lib/gcc/riscv-none-embed/8.2.0/../../../../riscv-none-embed/lib/rv32imafcxw/ilp32f\libnosys.a
END GROUP
                0x0000000000000800                __stack_size = 0x800
                [!provide]                        PROVIDE (_stack_size = __stack_size)

.init           0x0000000000000000       0x38
                0x0000000000000000                _sinit = .
                0x0000000000000000                . = ALIGN (0x4)
 *(SORT_NONE(.init))
 .init          0x0000000000000000       0x38 ./sdk/Startup/startup_ch32v30x.o
                0x0000000000000000                _start
                0x0000000000000038                . = ALIGN (0x4)
                0x0000000000000038                _einit = .

.vector         0x0000000000000038      0x1c8
 *(.vector)
 .vector        0x0000000000000038      0x1a0 ./sdk/Startup/startup_ch32v30x.o
                0x0000000000000200                . = ALIGN (0x40)
 *fill*         0x00000000000001d8       0x28 

.text           0x0000000000000200    0x20098
                0x0000000000000200                . = ALIGN (0x4)
 *(.text)
 .text          0x0000000000000200       0x14 ./zf_driver/zf_driver_irq.o
                0x0000000000000200                dis_interrupt
                0x0000000000000206                en_interrupt
 .text          0x0000000000000214       0xce ./rtthread/libcpu/risc-v/common/context_gcc.o
                0x0000000000000214                rt_hw_context_switch_to
                0x0000000000000230                rt_hw_context_switch
                0x000000000000028a                rt_hw_context_switch_exit
 *fill*         0x00000000000002e2        0x2 
 .text          0x00000000000002e4       0xe2 ./rtthread/libcpu/risc-v/common/interrupt_gcc.o
                0x00000000000002e4                SW_handler
 .text          0x00000000000003c6       0x60 d:/wch_car/ch32v307vct6/mounriveride/mounriver/mounriver_studio/toolchain/risc-v embedded gcc/bin/../lib/gcc/riscv-none-embed/8.2.0/rv32imafcxw/ilp32f\libgcc.a(save-restore.o)
                0x00000000000003c6                __riscv_save_12
                0x00000000000003ce                __riscv_save_9
                0x00000000000003ce                __riscv_save_11
                0x00000000000003ce                __riscv_save_10
                0x00000000000003ce                __riscv_save_8
                0x00000000000003dc                __riscv_save_4
                0x00000000000003dc                __riscv_save_6
                0x00000000000003dc                __riscv_save_5
                0x00000000000003dc                __riscv_save_7
                0x00000000000003f6                __riscv_save_3
                0x00000000000003f6                __riscv_save_2
                0x00000000000003f6                __riscv_save_1
                0x00000000000003f6                __riscv_save_0
                0x0000000000000402                __riscv_restore_12
                0x0000000000000406                __riscv_restore_11
                0x0000000000000406                __riscv_restore_9
                0x0000000000000406                __riscv_restore_10
                0x0000000000000406                __riscv_restore_8
                0x0000000000000410                __riscv_restore_5
                0x0000000000000410                __riscv_restore_7
                0x0000000000000410                __riscv_restore_6
                0x0000000000000410                __riscv_restore_4
                0x000000000000041a                __riscv_restore_3
                0x000000000000041a                __riscv_restore_0
                0x000000000000041a                __riscv_restore_2
                0x000000000000041a                __riscv_restore_1
 .text          0x0000000000000426       0xa8 d:/wch_car/ch32v307vct6/mounriveride/mounriver/mounriver_studio/toolchain/risc-v embedded gcc/bin/../lib/gcc/riscv-none-embed/8.2.0/../../../../riscv-none-embed/lib/rv32imafcxw/ilp32f\libg_nano.a(lib_a-memset.o)
                0x0000000000000426                memset
 *(.text.*)
 .text.adc_gpio_init
                0x00000000000004ce       0xca ./zf_driver/zf_driver_adc.o
                0x00000000000004ce                adc_gpio_init
 .text.adc_init
                0x0000000000000598       0x94 ./zf_driver/zf_driver_adc.o
                0x0000000000000598                adc_init
 .text.system_delay_ms
                0x000000000000062c        0xa ./zf_driver/zf_driver_delay.o
                0x000000000000062c                system_delay_ms
 .text.dvp_gpio_init
                0x0000000000000636       0xa8 ./zf_driver/zf_driver_dvp.o
                0x0000000000000636                dvp_gpio_init
 .text.dvp_camera_init
                0x00000000000006de       0x7c ./zf_driver/zf_driver_dvp.o
                0x00000000000006de                dvp_camera_init
 .text.encoder_gpio_init
                0x000000000000075a       0x1e ./zf_driver/zf_driver_encoder.o
                0x000000000000075a                encoder_gpio_init
 .text.encoder_get_count
                0x0000000000000778       0x3a ./zf_driver/zf_driver_encoder.o
                0x0000000000000778                encoder_get_count
 .text.encoder_clear_count
                0x00000000000007b2       0x12 ./zf_driver/zf_driver_encoder.o
                0x00000000000007b2                encoder_clear_count
 .text.encoder_init_dir
                0x00000000000007c4      0x13c ./zf_driver/zf_driver_encoder.o
                0x00000000000007c4                encoder_init_dir
 .text.gpio_set_level
                0x0000000000000900       0x26 ./zf_driver/zf_driver_gpio.o
                0x0000000000000900                gpio_set_level
 .text.gpio_get_level
                0x0000000000000926       0x22 ./zf_driver/zf_driver_gpio.o
                0x0000000000000926                gpio_get_level
 .text.gpio_init
                0x0000000000000948       0xae ./zf_driver/zf_driver_gpio.o
                0x0000000000000948                gpio_init
 .text.pwm_gpio_init
                0x00000000000009f6      0x474 ./zf_driver/zf_driver_pwm.o
                0x00000000000009f6                pwm_gpio_init
 .text.pwm_set_duty
                0x0000000000000e6a       0x2e ./zf_driver/zf_driver_pwm.o
                0x0000000000000e6a                pwm_set_duty
 .text.pwm_init
                0x0000000000000e98      0x1f4 ./zf_driver/zf_driver_pwm.o
                0x0000000000000e98                pwm_init
 .text.soft_iic_delay
                0x000000000000108c       0x12 ./zf_driver/zf_driver_soft_iic.o
 .text.soft_iic_start
                0x000000000000109e       0x70 ./zf_driver/zf_driver_soft_iic.o
 .text.soft_iic_stop
                0x000000000000110e       0x70 ./zf_driver/zf_driver_soft_iic.o
 .text.soft_iic_send_data
                0x000000000000117e       0xd6 ./zf_driver/zf_driver_soft_iic.o
 .text.soft_iic_read_data
                0x0000000000001254      0x120 ./zf_driver/zf_driver_soft_iic.o
 .text.soft_iic_init
                0x0000000000001374       0x32 ./zf_driver/zf_driver_soft_iic.o
                0x0000000000001374                soft_iic_init
 .text.soft_iic_write_8bit_register
                0x00000000000013a6       0x32 ./zf_driver/zf_driver_soft_iic.o
                0x00000000000013a6                soft_iic_write_8bit_register
 .text.soft_iic_read_8bit_register
                0x00000000000013d8       0x42 ./zf_driver/zf_driver_soft_iic.o
                0x00000000000013d8                soft_iic_read_8bit_register
 .text.soft_iic_read_8bit_registers
                0x000000000000141a       0x54 ./zf_driver/zf_driver_soft_iic.o
                0x000000000000141a                soft_iic_read_8bit_registers
 .text.spi_gpio_init
                0x000000000000146e      0x170 ./zf_driver/zf_driver_spi.o
                0x000000000000146e                spi_gpio_init
 .text.spi_init
                0x00000000000015de      0x186 ./zf_driver/zf_driver_spi.o
                0x00000000000015de                spi_init
 .text.spi_write_8bit
                0x0000000000001764       0x18 ./zf_driver/zf_driver_spi.o
                0x0000000000001764                spi_write_8bit
 .text.spi_write_16bit
                0x000000000000177c       0x2a ./zf_driver/zf_driver_spi.o
                0x000000000000177c                spi_write_16bit
 .text.timer_funciton_check
                0x00000000000017a6       0x1e ./zf_driver/zf_driver_timer.o
                0x00000000000017a6                timer_funciton_check
 .text.timer_clock_enable
                0x00000000000017c4       0x84 ./zf_driver/zf_driver_timer.o
                0x00000000000017c4                timer_clock_enable
 .text.uart_gpio_init
                0x0000000000001848      0x2b8 ./zf_driver/zf_driver_uart.o
                0x0000000000001848                uart_gpio_init
 .text.uart_write_byte
                0x0000000000001b00       0x1c ./zf_driver/zf_driver_uart.o
                0x0000000000001b00                uart_write_byte
 .text.uart_write_buffer
                0x0000000000001b1c       0x20 ./zf_driver/zf_driver_uart.o
                0x0000000000001b1c                uart_write_buffer
 .text.uart_rx_interrupt
                0x0000000000001b3c       0x42 ./zf_driver/zf_driver_uart.o
                0x0000000000001b3c                uart_rx_interrupt
 .text.uart_read_byte
                0x0000000000001b7e       0x1a ./zf_driver/zf_driver_uart.o
                0x0000000000001b7e                uart_read_byte
 .text.uart_query_byte
                0x0000000000001b98       0x20 ./zf_driver/zf_driver_uart.o
                0x0000000000001b98                uart_query_byte
 .text.uart_init
                0x0000000000001bb8      0x1c4 ./zf_driver/zf_driver_uart.o
                0x0000000000001bb8                uart_init
 .text.ips114_write_index
                0x0000000000001d7c       0x2e ./zf_device/zf_device_ips114.o
                0x0000000000001d7c                ips114_write_index
 .text.ips114_set_region
                0x0000000000001daa       0xfa ./zf_device/zf_device_ips114.o
                0x0000000000001daa                ips114_set_region
 .text.ips114_clear
                0x0000000000001ea4       0x36 ./zf_device/zf_device_ips114.o
                0x0000000000001ea4                ips114_clear
 .text.ips114_set_dir
                0x0000000000001eda       0x2c ./zf_device/zf_device_ips114.o
                0x0000000000001eda                ips114_set_dir
 .text.ips114_set_color
                0x0000000000001f06        0xa ./zf_device/zf_device_ips114.o
                0x0000000000001f06                ips114_set_color
 .text.ips114_draw_point
                0x0000000000001f10       0x18 ./zf_device/zf_device_ips114.o
                0x0000000000001f10                ips114_draw_point
 .text.ips114_show_char
                0x0000000000001f28       0x92 ./zf_device/zf_device_ips114.o
                0x0000000000001f28                ips114_show_char
 .text.ips114_show_string
                0x0000000000001fba       0x5c ./zf_device/zf_device_ips114.o
                0x0000000000001fba                ips114_show_string
 .text.ips114_show_int
                0x0000000000002016       0xa2 ./zf_device/zf_device_ips114.o
                0x0000000000002016                ips114_show_int
 .text.ips114_show_uint
                0x00000000000020b8       0xa0 ./zf_device/zf_device_ips114.o
                0x00000000000020b8                ips114_show_uint
 .text.ips114_show_float
                0x0000000000002158       0xea ./zf_device/zf_device_ips114.o
                0x0000000000002158                ips114_show_float
 .text.ips114_show_gray_image
                0x0000000000002242       0xba ./zf_device/zf_device_ips114.o
                0x0000000000002242                ips114_show_gray_image
 .text.ips114_init
                0x00000000000022fc      0x2cc ./zf_device/zf_device_ips114.o
                0x00000000000022fc                ips114_init
 .text.mpu6050_init
                0x00000000000025c8       0xf8 ./zf_device/zf_device_mpu6050.o
                0x00000000000025c8                mpu6050_init
 .text.mpu6050_get_acc
                0x00000000000026c0       0x40 ./zf_device/zf_device_mpu6050.o
                0x00000000000026c0                mpu6050_get_acc
 .text.mpu6050_get_gyro
                0x0000000000002700       0x40 ./zf_device/zf_device_mpu6050.o
                0x0000000000002700                mpu6050_get_gyro
 .text.mt9v03x_get_config_dvp.constprop.0
                0x0000000000002740       0xa6 ./zf_device/zf_device_mt9v03x_dvp.o
 .text.mt9v03x_uart_callback_dvp
                0x00000000000027e6       0x4e ./zf_device/zf_device_mt9v03x_dvp.o
                0x00000000000027e6                mt9v03x_uart_callback_dvp
 .text.mt9v03x_init_dvp
                0x0000000000002834      0x164 ./zf_device/zf_device_mt9v03x_dvp.o
                0x0000000000002834                mt9v03x_init_dvp
 .text.set_camera_type
                0x0000000000002998        0x6 ./zf_device/zf_device_type.o
                0x0000000000002998                set_camera_type
 .text.clock_init
                0x000000000000299e      0x1b6 ./zf_common/zf_common_clock.o
                0x000000000000299e                clock_init
 .text.debug_init
                0x0000000000002b54       0x1c ./zf_common/zf_common_debug.o
                0x0000000000002b54                debug_init
 .text.debug_assert_handler
                0x0000000000002b70       0x20 ./zf_common/zf_common_debug.o
                0x0000000000002b70                debug_assert_handler
 .text.debug_log_handler
                0x0000000000002b90       0x26 ./zf_common/zf_common_debug.o
                0x0000000000002b90                debug_log_handler
 .text._write   0x0000000000002bb6       0x40 ./zf_common/zf_common_debug.o
                0x0000000000002bb6                _write
 .text.str_to_uint
                0x0000000000002bf6       0x26 ./zf_common/zf_common_function.o
                0x0000000000002bf6                str_to_uint
 .text.int_to_str
                0x0000000000002c1c       0x5e ./zf_common/zf_common_function.o
                0x0000000000002c1c                int_to_str
 .text.uint_to_str
                0x0000000000002c7a       0x5a ./zf_common/zf_common_function.o
                0x0000000000002c7a                uint_to_str
 .text.str_to_float
                0x0000000000002cd4       0xae ./zf_common/zf_common_function.o
                0x0000000000002cd4                str_to_float
 .text.float_to_str
                0x0000000000002d82      0x102 ./zf_common/zf_common_function.o
                0x0000000000002d82                float_to_str
 .text.interrupt_enable
                0x0000000000002e84       0x1a ./zf_common/zf_common_interrupt.o
                0x0000000000002e84                interrupt_enable
 .text.interrupt_disable
                0x0000000000002e9e       0x1a ./zf_common/zf_common_interrupt.o
                0x0000000000002e9e                interrupt_disable
 .text.interrupt_set_priority
                0x0000000000002eb8        0xc ./zf_common/zf_common_interrupt.o
                0x0000000000002eb8                interrupt_set_priority
 .text.interrupt_init
                0x0000000000002ec4        0x2 ./zf_common/zf_common_interrupt.o
                0x0000000000002ec4                interrupt_init
 .text.interrupt_global_disable
                0x0000000000002ec6       0x1c ./zf_common/zf_common_interrupt.o
                0x0000000000002ec6                interrupt_global_disable
 .text.UART6_IRQHandler
                0x0000000000002ee2       0xc6 ./user_c/isr.o
                0x0000000000002ee2                UART6_IRQHandler
 .text.USART1_IRQHandler
                0x0000000000002fa8       0xc2 ./user_c/isr.o
                0x0000000000002fa8                USART1_IRQHandler
 .text.USART2_IRQHandler
                0x000000000000306a       0xd2 ./user_c/isr.o
                0x000000000000306a                USART2_IRQHandler
 .text.UART4_IRQHandler
                0x000000000000313c       0xc2 ./user_c/isr.o
                0x000000000000313c                UART4_IRQHandler
 .text.UART5_IRQHandler
                0x00000000000031fe       0xbe ./user_c/isr.o
                0x00000000000031fe                UART5_IRQHandler
 .text.UART7_IRQHandler
                0x00000000000032bc       0xc2 ./user_c/isr.o
                0x00000000000032bc                UART7_IRQHandler
 .text.DVP_IRQHandler
                0x000000000000337e       0xbe ./user_c/isr.o
                0x000000000000337e                DVP_IRQHandler
 .text.EXTI2_IRQHandler
                0x000000000000343c       0xb2 ./user_c/isr.o
                0x000000000000343c                EXTI2_IRQHandler
 .text.EXTI3_IRQHandler
                0x00000000000034ee       0xb2 ./user_c/isr.o
                0x00000000000034ee                EXTI3_IRQHandler
 .text.EXTI9_5_IRQHandler
                0x00000000000035a0      0x10e ./user_c/isr.o
                0x00000000000035a0                EXTI9_5_IRQHandler
 .text.EXTI0_IRQHandler
                0x00000000000036ae       0xb0 ./user_c/isr.o
                0x00000000000036ae                EXTI0_IRQHandler
 .text.EXTI1_IRQHandler
                0x000000000000375e       0xb2 ./user_c/isr.o
                0x000000000000375e                EXTI1_IRQHandler
 .text.EXTI4_IRQHandler
                0x0000000000003810       0xb2 ./user_c/isr.o
                0x0000000000003810                EXTI4_IRQHandler
 .text.EXTI15_10_IRQHandler
                0x00000000000038c2      0x11a ./user_c/isr.o
                0x00000000000038c2                EXTI15_10_IRQHandler
 .text.TIM1_UP_IRQHandler
                0x00000000000039dc       0xbe ./user_c/isr.o
                0x00000000000039dc                TIM1_UP_IRQHandler
 .text.TIM2_IRQHandler
                0x0000000000003a9a       0xb6 ./user_c/isr.o
                0x0000000000003a9a                TIM2_IRQHandler
 .text.TIM3_IRQHandler
                0x0000000000003b50       0xbe ./user_c/isr.o
                0x0000000000003b50                TIM3_IRQHandler
 .text.TIM4_IRQHandler
                0x0000000000003c0e       0xbe ./user_c/isr.o
                0x0000000000003c0e                TIM4_IRQHandler
 .text.TIM5_IRQHandler
                0x0000000000003ccc       0xbe ./user_c/isr.o
                0x0000000000003ccc                TIM5_IRQHandler
 .text.TIM6_IRQHandler
                0x0000000000003d8a       0xb6 ./user_c/isr.o
                0x0000000000003d8a                TIM6_IRQHandler
 .text.TIM7_IRQHandler
                0x0000000000003e40       0xbe ./user_c/isr.o
                0x0000000000003e40                TIM7_IRQHandler
 .text.TIM8_UP_IRQHandler
                0x0000000000003efe       0xbe ./user_c/isr.o
                0x0000000000003efe                TIM8_UP_IRQHandler
 .text.TIM9_UP_IRQHandler
                0x0000000000003fbc       0xbe ./user_c/isr.o
                0x0000000000003fbc                TIM9_UP_IRQHandler
 .text.TIM10_UP_IRQHandler
                0x000000000000407a       0xb6 ./user_c/isr.o
                0x000000000000407a                TIM10_UP_IRQHandler
 .text.NMI_Handler
                0x0000000000004130       0xac ./user_c/isr.o
                0x0000000000004130                NMI_Handler
 .text.HardFault_Handler
                0x00000000000041dc       0xac ./user_c/isr.o
                0x00000000000041dc                HardFault_Handler
 .text.communication_thread_entry
                0x0000000000004288        0x2 ./user_c/main.o
 .text.app_init
                0x000000000000428a      0x1b6 ./user_c/main.o
                0x000000000000428a                app_init
 .text.imu_entry
                0x0000000000004440       0x20 ./user_c/main.o
 .text.Speed_Feedback_entry
                0x0000000000004460      0x188 ./user_c/main.o
 .text.show_thread_entry
                0x00000000000045e8       0x52 ./user_c/main.o
 .text.mt9v03x_dvp_thread_entry
                0x000000000000463a       0xa8 ./user_c/main.o
 .text.distance_thread_entry
                0x00000000000046e2      0x270 ./user_c/main.o
 .text.recover_thread_entry
                0x0000000000004952       0x42 ./user_c/main.o
 .text.STOP_thread_entry
                0x0000000000004994       0x6c ./user_c/main.o
 .text.GO_thread_entry
                0x0000000000004a00       0x50 ./user_c/main.o
 .text.device_init
                0x0000000000004a50      0x1f0 ./user_c/main.o
                0x0000000000004a50                device_init
 .text.startup.main
                0x0000000000004c40       0x2e ./user_c/main.o
                0x0000000000004c40                main
 .text.vector_handler
                0x0000000000004c6e       0xbe ./sdk/Startup/startup_ch32v30x.o
                0x0000000000004c72                Ecall_M_Mode_Handler
                0x0000000000004c74                Ecall_U_Mode_Handler
                0x0000000000004c76                Break_Point_Handler
                0x0000000000004c7c                WWDG_IRQHandler
                0x0000000000004c7e                PVD_IRQHandler
                0x0000000000004c80                TAMPER_IRQHandler
                0x0000000000004c82                RTC_IRQHandler
                0x0000000000004c84                FLASH_IRQHandler
                0x0000000000004c86                RCC_IRQHandler
                0x0000000000004c92                DMA1_Channel1_IRQHandler
                0x0000000000004c94                DMA1_Channel2_IRQHandler
                0x0000000000004c96                DMA1_Channel3_IRQHandler
                0x0000000000004c98                DMA1_Channel4_IRQHandler
                0x0000000000004c9a                DMA1_Channel5_IRQHandler
                0x0000000000004c9c                DMA1_Channel6_IRQHandler
                0x0000000000004c9e                DMA1_Channel7_IRQHandler
                0x0000000000004ca0                ADC1_2_IRQHandler
                0x0000000000004ca2                USB_HP_CAN1_TX_IRQHandler
                0x0000000000004ca4                USB_LP_CAN1_RX0_IRQHandler
                0x0000000000004ca6                CAN1_RX1_IRQHandler
                0x0000000000004ca8                CAN1_SCE_IRQHandler
                0x0000000000004cac                TIM1_BRK_IRQHandler
                0x0000000000004cb0                TIM1_TRG_COM_IRQHandler
                0x0000000000004cb2                TIM1_CC_IRQHandler
                0x0000000000004cba                I2C1_EV_IRQHandler
                0x0000000000004cbc                I2C1_ER_IRQHandler
                0x0000000000004cbe                I2C2_EV_IRQHandler
                0x0000000000004cc0                I2C2_ER_IRQHandler
                0x0000000000004cc2                SPI1_IRQHandler
                0x0000000000004cc4                SPI2_IRQHandler
                0x0000000000004cce                RTCAlarm_IRQHandler
                0x0000000000004cd0                USBWakeUp_IRQHandler
                0x0000000000004cd2                TIM8_BRK_IRQHandler
                0x0000000000004cd6                TIM8_TRG_COM_IRQHandler
                0x0000000000004cd8                TIM8_CC_IRQHandler
                0x0000000000004cda                RNG_IRQHandler
                0x0000000000004cdc                FSMC_IRQHandler
                0x0000000000004cde                SDIO_IRQHandler
                0x0000000000004ce2                SPI3_IRQHandler
                0x0000000000004cec                DMA2_Channel1_IRQHandler
                0x0000000000004cee                DMA2_Channel2_IRQHandler
                0x0000000000004cf0                DMA2_Channel3_IRQHandler
                0x0000000000004cf2                DMA2_Channel4_IRQHandler
                0x0000000000004cf4                DMA2_Channel5_IRQHandler
                0x0000000000004cf6                ETH_IRQHandler
                0x0000000000004cf8                ETH_WKUP_IRQHandler
                0x0000000000004cfa                CAN2_TX_IRQHandler
                0x0000000000004cfc                CAN2_RX0_IRQHandler
                0x0000000000004cfe                CAN2_RX1_IRQHandler
                0x0000000000004d00                CAN2_SCE_IRQHandler
                0x0000000000004d04                USBHSWakeup_IRQHandler
                0x0000000000004d06                USBHS_IRQHandler
                0x0000000000004d0e                UART8_IRQHandler
                0x0000000000004d10                TIM9_BRK_IRQHandler
                0x0000000000004d14                TIM9_TRG_COM_IRQHandler
                0x0000000000004d16                TIM9_CC_IRQHandler
                0x0000000000004d18                TIM10_BRK_IRQHandler
                0x0000000000004d1c                TIM10_TRG_COM_IRQHandler
                0x0000000000004d1e                TIM10_CC_IRQHandler
                0x0000000000004d20                DMA2_Channel6_IRQHandler
                0x0000000000004d22                DMA2_Channel7_IRQHandler
                0x0000000000004d24                DMA2_Channel8_IRQHandler
                0x0000000000004d26                DMA2_Channel9_IRQHandler
                0x0000000000004d28                DMA2_Channel10_IRQHandler
                0x0000000000004d2a                DMA2_Channel11_IRQHandler
 .text.handle_reset
                0x0000000000004d2c       0x9a ./sdk/Startup/startup_ch32v30x.o
                0x0000000000004d2c                handle_reset
 .text.ADC_DeInit
                0x0000000000004dc6       0x40 ./sdk/Peripheral/ch32v30x_adc.o
                0x0000000000004dc6                ADC_DeInit
 .text.ADC_Init
                0x0000000000004e06       0x56 ./sdk/Peripheral/ch32v30x_adc.o
                0x0000000000004e06                ADC_Init
 .text.ADC_Cmd  0x0000000000004e5c       0x10 ./sdk/Peripheral/ch32v30x_adc.o
                0x0000000000004e5c                ADC_Cmd
 .text.ADC_ResetCalibration
                0x0000000000004e6c        0xa ./sdk/Peripheral/ch32v30x_adc.o
                0x0000000000004e6c                ADC_ResetCalibration
 .text.ADC_GetResetCalibrationStatus
                0x0000000000004e76        0x8 ./sdk/Peripheral/ch32v30x_adc.o
                0x0000000000004e76                ADC_GetResetCalibrationStatus
 .text.ADC_StartCalibration
                0x0000000000004e7e        0xa ./sdk/Peripheral/ch32v30x_adc.o
                0x0000000000004e7e                ADC_StartCalibration
 .text.ADC_GetCalibrationStatus
                0x0000000000004e88        0x8 ./sdk/Peripheral/ch32v30x_adc.o
                0x0000000000004e88                ADC_GetCalibrationStatus
 .text.ADC_BufferCmd
                0x0000000000004e90       0x18 ./sdk/Peripheral/ch32v30x_adc.o
                0x0000000000004e90                ADC_BufferCmd
 .text.EXTI_GetITStatus
                0x0000000000004ea8       0x1e ./sdk/Peripheral/ch32v30x_exti.o
                0x0000000000004ea8                EXTI_GetITStatus
 .text.EXTI_ClearITPendingBit
                0x0000000000004ec6        0xa ./sdk/Peripheral/ch32v30x_exti.o
                0x0000000000004ec6                EXTI_ClearITPendingBit
 .text.GPIO_Init
                0x0000000000004ed0       0xc0 ./sdk/Peripheral/ch32v30x_gpio.o
                0x0000000000004ed0                GPIO_Init
 .text.GPIO_WriteBit
                0x0000000000004f90        0xa ./sdk/Peripheral/ch32v30x_gpio.o
                0x0000000000004f90                GPIO_WriteBit
 .text.GPIO_PinRemapConfig
                0x0000000000004f9a       0xc4 ./sdk/Peripheral/ch32v30x_gpio.o
                0x0000000000004f9a                GPIO_PinRemapConfig
 .text.RCC_ADCCLKConfig
                0x000000000000505e       0x12 ./sdk/Peripheral/ch32v30x_rcc.o
                0x000000000000505e                RCC_ADCCLKConfig
 .text.RCC_GetClocksFreq
                0x0000000000005070      0x106 ./sdk/Peripheral/ch32v30x_rcc.o
                0x0000000000005070                RCC_GetClocksFreq
 .text.RCC_AHBPeriphClockCmd
                0x0000000000005176       0x1e ./sdk/Peripheral/ch32v30x_rcc.o
                0x0000000000005176                RCC_AHBPeriphClockCmd
 .text.RCC_APB2PeriphClockCmd
                0x0000000000005194       0x1e ./sdk/Peripheral/ch32v30x_rcc.o
                0x0000000000005194                RCC_APB2PeriphClockCmd
 .text.RCC_APB1PeriphClockCmd
                0x00000000000051b2       0x1e ./sdk/Peripheral/ch32v30x_rcc.o
                0x00000000000051b2                RCC_APB1PeriphClockCmd
 .text.RCC_APB2PeriphResetCmd
                0x00000000000051d0       0x1e ./sdk/Peripheral/ch32v30x_rcc.o
                0x00000000000051d0                RCC_APB2PeriphResetCmd
 .text.RCC_APB1PeriphResetCmd
                0x00000000000051ee       0x1e ./sdk/Peripheral/ch32v30x_rcc.o
                0x00000000000051ee                RCC_APB1PeriphResetCmd
 .text.SPI_I2S_DeInit
                0x000000000000520c       0x54 ./sdk/Peripheral/ch32v30x_spi.o
                0x000000000000520c                SPI_I2S_DeInit
 .text.SPI_Init
                0x0000000000005260       0x3e ./sdk/Peripheral/ch32v30x_spi.o
                0x0000000000005260                SPI_Init
 .text.SPI_Cmd  0x000000000000529e       0x1a ./sdk/Peripheral/ch32v30x_spi.o
                0x000000000000529e                SPI_Cmd
 .text.TIM_TimeBaseInit
                0x00000000000052b8       0xaa ./sdk/Peripheral/ch32v30x_tim.o
                0x00000000000052b8                TIM_TimeBaseInit
 .text.TIM_OC1Init
                0x0000000000005362       0x82 ./sdk/Peripheral/ch32v30x_tim.o
                0x0000000000005362                TIM_OC1Init
 .text.TIM_OC2Init
                0x00000000000053e4       0xae ./sdk/Peripheral/ch32v30x_tim.o
                0x00000000000053e4                TIM_OC2Init
 .text.TIM_OC3Init
                0x0000000000005492       0xac ./sdk/Peripheral/ch32v30x_tim.o
                0x0000000000005492                TIM_OC3Init
 .text.TIM_OC4Init
                0x000000000000553e       0x88 ./sdk/Peripheral/ch32v30x_tim.o
                0x000000000000553e                TIM_OC4Init
 .text.TIM_TimeBaseStructInit
                0x00000000000055c6       0x16 ./sdk/Peripheral/ch32v30x_tim.o
                0x00000000000055c6                TIM_TimeBaseStructInit
 .text.TIM_Cmd  0x00000000000055dc       0x18 ./sdk/Peripheral/ch32v30x_tim.o
                0x00000000000055dc                TIM_Cmd
 .text.TIM_CtrlPWMOutputs
                0x00000000000055f4       0x16 ./sdk/Peripheral/ch32v30x_tim.o
                0x00000000000055f4                TIM_CtrlPWMOutputs
 .text.TIM_ITRxExternalClockConfig
                0x000000000000560a       0x18 ./sdk/Peripheral/ch32v30x_tim.o
                0x000000000000560a                TIM_ITRxExternalClockConfig
 .text.TIM_OC1PreloadConfig
                0x0000000000005622        0xe ./sdk/Peripheral/ch32v30x_tim.o
                0x0000000000005622                TIM_OC1PreloadConfig
 .text.TIM_OC2PreloadConfig
                0x0000000000005630       0x16 ./sdk/Peripheral/ch32v30x_tim.o
                0x0000000000005630                TIM_OC2PreloadConfig
 .text.TIM_OC3PreloadConfig
                0x0000000000005646        0xe ./sdk/Peripheral/ch32v30x_tim.o
                0x0000000000005646                TIM_OC3PreloadConfig
 .text.TIM_OC4PreloadConfig
                0x0000000000005654       0x16 ./sdk/Peripheral/ch32v30x_tim.o
                0x0000000000005654                TIM_OC4PreloadConfig
 .text.TIM_OC1FastConfig
                0x000000000000566a        0xe ./sdk/Peripheral/ch32v30x_tim.o
                0x000000000000566a                TIM_OC1FastConfig
 .text.TIM_OC2FastConfig
                0x0000000000005678       0x16 ./sdk/Peripheral/ch32v30x_tim.o
                0x0000000000005678                TIM_OC2FastConfig
 .text.TIM_OC3FastConfig
                0x000000000000568e        0xe ./sdk/Peripheral/ch32v30x_tim.o
                0x000000000000568e                TIM_OC3FastConfig
 .text.TIM_OC4FastConfig
                0x000000000000569c       0x16 ./sdk/Peripheral/ch32v30x_tim.o
                0x000000000000569c                TIM_OC4FastConfig
 .text.TIM_GetITStatus
                0x00000000000056b2       0x18 ./sdk/Peripheral/ch32v30x_tim.o
                0x00000000000056b2                TIM_GetITStatus
 .text.TIM_ClearITPendingBit
                0x00000000000056ca        0xc ./sdk/Peripheral/ch32v30x_tim.o
                0x00000000000056ca                TIM_ClearITPendingBit
 .text.USART_Init
                0x00000000000056d6       0xbc ./sdk/Peripheral/ch32v30x_usart.o
                0x00000000000056d6                USART_Init
 .text.USART_Cmd
                0x0000000000005792       0x16 ./sdk/Peripheral/ch32v30x_usart.o
                0x0000000000005792                USART_Cmd
 .text.USART_ITConfig
                0x00000000000057a8       0x36 ./sdk/Peripheral/ch32v30x_usart.o
                0x00000000000057a8                USART_ITConfig
 .text.USART_SendData
                0x00000000000057de        0x8 ./sdk/Peripheral/ch32v30x_usart.o
                0x00000000000057de                USART_SendData
 .text.USART_GetFlagStatus
                0x00000000000057e6        0xa ./sdk/Peripheral/ch32v30x_usart.o
                0x00000000000057e6                USART_GetFlagStatus
 .text.USART_GetITStatus
                0x00000000000057f0       0x3c ./sdk/Peripheral/ch32v30x_usart.o
                0x00000000000057f0                USART_GetITStatus
 .text.USART_ClearITPendingBit
                0x000000000000582c       0x14 ./sdk/Peripheral/ch32v30x_usart.o
                0x000000000000582c                USART_ClearITPendingBit
 .text.DevEP1_IN_Deal
                0x0000000000005840       0x14 ./sdk/Peripheral/ch32v30x_usbotg_device.o
                0x0000000000005840                DevEP1_IN_Deal
 .text.DevEP2_IN_Deal
                0x0000000000005854       0x14 ./sdk/Peripheral/ch32v30x_usbotg_device.o
                0x0000000000005854                DevEP2_IN_Deal
 .text.DevEP1_OUT_Deal
                0x0000000000005868       0x2a ./sdk/Peripheral/ch32v30x_usbotg_device.o
                0x0000000000005868                DevEP1_OUT_Deal
 .text.DevEP2_OUT_Deal
                0x0000000000005892       0x2a ./sdk/Peripheral/ch32v30x_usbotg_device.o
                0x0000000000005892                DevEP2_OUT_Deal
 .text.OTG_FS_IRQHandler
                0x00000000000058bc      0x6ee ./sdk/Peripheral/ch32v30x_usbotg_device.o
                0x00000000000058bc                OTG_FS_IRQHandler
 .text.rt_tick_get
                0x0000000000005faa        0x6 ./rtthread/src/clock.o
                0x0000000000005faa                rt_tick_get
 .text.rt_tick_increase
                0x0000000000005fb0       0x2a ./rtthread/src/clock.o
                0x0000000000005fb0                rt_tick_increase
 .text.rt_tick_from_millisecond
                0x0000000000005fda       0x28 ./rtthread/src/clock.o
                0x0000000000005fda                rt_tick_from_millisecond
 .text.rti_start
                0x0000000000006002        0x4 ./rtthread/src/components.o
 .text.rti_end  0x0000000000006006        0x4 ./rtthread/src/components.o
 .text.rti_board_start
                0x000000000000600a        0x4 ./rtthread/src/components.o
 .text.rti_board_end
                0x000000000000600e        0x4 ./rtthread/src/components.o
 .text.rt_components_board_init
                0x0000000000006012       0x24 ./rtthread/src/components.o
                0x0000000000006012                rt_components_board_init
 .text.rt_components_init
                0x0000000000006036       0x24 ./rtthread/src/components.o
                0x0000000000006036                rt_components_init
 .text.main_thread_entry
                0x000000000000605a       0x10 ./rtthread/src/components.o
                0x000000000000605a                main_thread_entry
 .text.rt_application_init
                0x000000000000606a       0x2a ./rtthread/src/components.o
                0x000000000000606a                rt_application_init
 .text.rtthread_startup
                0x0000000000006094       0x2c ./rtthread/src/components.o
                0x0000000000006094                rtthread_startup
 .text.entry    0x00000000000060c0        0xe ./rtthread/src/components.o
                0x00000000000060c0                entry
 .text.rt_thread_idle_excute
                0x00000000000060ce       0x76 ./rtthread/src/idle.o
                0x00000000000060ce                rt_thread_idle_excute
 .text.rt_thread_idle_entry
                0x0000000000006144       0x22 ./rtthread/src/idle.o
 .text.rt_thread_idle_init
                0x0000000000006166       0x40 ./rtthread/src/idle.o
                0x0000000000006166                rt_thread_idle_init
 .text.rt_ipc_list_suspend
                0x00000000000061a6       0x5c ./rtthread/src/ipc.o
 .text.rt_sem_init
                0x0000000000006202       0x2a ./rtthread/src/ipc.o
                0x0000000000006202                rt_sem_init
 .text.rt_sem_create
                0x000000000000622c       0x28 ./rtthread/src/ipc.o
                0x000000000000622c                rt_sem_create
 .text.rt_sem_take
                0x0000000000006254       0x84 ./rtthread/src/ipc.o
                0x0000000000006254                rt_sem_take
 .text.rt_sem_release
                0x00000000000062d8       0x42 ./rtthread/src/ipc.o
                0x00000000000062d8                rt_sem_release
 .text.rt_event_create
                0x000000000000631a       0x22 ./rtthread/src/ipc.o
                0x000000000000631a                rt_event_create
 .text.rt_event_send
                0x000000000000633c       0x90 ./rtthread/src/ipc.o
                0x000000000000633c                rt_event_send
 .text.rt_event_recv
                0x00000000000063cc       0xde ./rtthread/src/ipc.o
                0x00000000000063cc                rt_event_recv
 .text.rt_mb_create
                0x00000000000064aa       0x56 ./rtthread/src/ipc.o
                0x00000000000064aa                rt_mb_create
 .text.rt_mb_send_wait
                0x0000000000006500      0x102 ./rtthread/src/ipc.o
                0x0000000000006500                rt_mb_send_wait
 .text.rt_mb_send
                0x0000000000006602        0xe ./rtthread/src/ipc.o
                0x0000000000006602                rt_mb_send
 .text.rt_mb_recv
                0x0000000000006610      0x126 ./rtthread/src/ipc.o
                0x0000000000006610                rt_mb_recv
 .text.rt_interrupt_enter
                0x0000000000006736       0x2e ./rtthread/src/irq.o
                0x0000000000006736                rt_interrupt_enter
 .text.rt_interrupt_leave
                0x0000000000006764       0x2e ./rtthread/src/irq.o
                0x0000000000006764                rt_interrupt_leave
 .text.print_number
                0x0000000000006792      0x17e ./rtthread/src/kservice.o
 .text.skip_atoi
                0x0000000000006910       0x38 ./rtthread/src/kservice.o
 .text.rt_memset
                0x0000000000006948       0x88 ./rtthread/src/kservice.o
                0x0000000000006948                rt_memset
 .text.rt_memmove
                0x00000000000069d0       0x48 ./rtthread/src/kservice.o
                0x00000000000069d0                rt_memmove
 .text.rt_strncpy
                0x0000000000006a18       0x2c ./rtthread/src/kservice.o
                0x0000000000006a18                rt_strncpy
 .text.rt_strlen
                0x0000000000006a44       0x12 ./rtthread/src/kservice.o
                0x0000000000006a44                rt_strlen
 .text.rt_vsnprintf
                0x0000000000006a56      0x348 ./rtthread/src/kservice.o
                0x0000000000006a56                rt_vsnprintf
 .text.rt_kprintf
                0x0000000000006d9e       0x3a ./rtthread/src/kservice.o
                0x0000000000006d9e                rt_kprintf
 .text.rt_show_version
                0x0000000000006dd8       0x46 ./rtthread/src/kservice.o
                0x0000000000006dd8                rt_show_version
 .text.__rt_ffs
                0x0000000000006e1e       0x4e ./rtthread/src/kservice.o
                0x0000000000006e1e                __rt_ffs
 .text.plug_holes
                0x0000000000006e6c       0x58 ./rtthread/src/mem.o
 .text.list_mem
                0x0000000000006ec4       0x38 ./rtthread/src/mem.o
                0x0000000000006ec4                list_mem
 .text.rt_system_heap_init
                0x0000000000006efc       0x82 ./rtthread/src/mem.o
                0x0000000000006efc                rt_system_heap_init
 .text.rt_malloc
                0x0000000000006f7e      0x130 ./rtthread/src/mem.o
                0x0000000000006f7e                rt_malloc
 .text.rt_calloc
                0x00000000000070ae       0x26 ./rtthread/src/mem.o
                0x00000000000070ae                rt_calloc
 .text.rt_free  0x00000000000070d4       0xb4 ./rtthread/src/mem.o
                0x00000000000070d4                rt_free
 .text.rt_object_get_information
                0x0000000000007188       0x2a ./rtthread/src/object.o
                0x0000000000007188                rt_object_get_information
 .text.rt_object_init
                0x00000000000071b2       0x60 ./rtthread/src/object.o
                0x00000000000071b2                rt_object_init
 .text.rt_object_detach
                0x0000000000007212       0x2e ./rtthread/src/object.o
                0x0000000000007212                rt_object_detach
 .text.rt_object_allocate
                0x0000000000007240       0x5a ./rtthread/src/object.o
                0x0000000000007240                rt_object_allocate
 .text.rt_object_delete
                0x000000000000729a       0x34 ./rtthread/src/object.o
                0x000000000000729a                rt_object_delete
 .text.rt_object_is_systemobject
                0x00000000000072ce        0x8 ./rtthread/src/object.o
                0x00000000000072ce                rt_object_is_systemobject
 .text.rt_system_scheduler_init
                0x00000000000072d6       0x32 ./rtthread/src/scheduler.o
                0x00000000000072d6                rt_system_scheduler_init
 .text.rt_system_scheduler_start
                0x0000000000007308       0x30 ./rtthread/src/scheduler.o
                0x0000000000007308                rt_system_scheduler_start
 .text.rt_schedule
                0x0000000000007338       0x6e ./rtthread/src/scheduler.o
                0x0000000000007338                rt_schedule
 .text.rt_schedule_insert_thread
                0x00000000000073a6       0x4c ./rtthread/src/scheduler.o
                0x00000000000073a6                rt_schedule_insert_thread
 .text.rt_schedule_remove_thread
                0x00000000000073f2       0x4a ./rtthread/src/scheduler.o
                0x00000000000073f2                rt_schedule_remove_thread
 .text.rt_enter_critical
                0x000000000000743c       0x16 ./rtthread/src/scheduler.o
                0x000000000000743c                rt_enter_critical
 .text.rt_exit_critical
                0x0000000000007452       0x30 ./rtthread/src/scheduler.o
                0x0000000000007452                rt_exit_critical
 .text.rt_thread_exit
                0x0000000000007482       0x5a ./rtthread/src/thread.o
                0x0000000000007482                rt_thread_exit
 .text._rt_thread_init.isra.0
                0x00000000000074dc       0x8e ./rtthread/src/thread.o
 .text.rt_thread_timeout
                0x000000000000756a       0x24 ./rtthread/src/thread.o
                0x000000000000756a                rt_thread_timeout
 .text.rt_thread_init
                0x000000000000758e       0x34 ./rtthread/src/thread.o
                0x000000000000758e                rt_thread_init
 .text.rt_thread_self
                0x00000000000075c2        0x6 ./rtthread/src/thread.o
                0x00000000000075c2                rt_thread_self
 .text.rt_thread_create
                0x00000000000075c8       0x48 ./rtthread/src/thread.o
                0x00000000000075c8                rt_thread_create
 .text.rt_thread_yield
                0x0000000000007610       0x56 ./rtthread/src/thread.o
                0x0000000000007610                rt_thread_yield
 .text.rt_thread_suspend
                0x0000000000007666       0x4a ./rtthread/src/thread.o
                0x0000000000007666                rt_thread_suspend
 .text.rt_thread_sleep
                0x00000000000076b0       0x42 ./rtthread/src/thread.o
                0x00000000000076b0                rt_thread_sleep
 .text.rt_thread_delay
                0x00000000000076f2        0xc ./rtthread/src/thread.o
                0x00000000000076f2                rt_thread_delay
 .text.rt_thread_mdelay
                0x00000000000076fe       0x10 ./rtthread/src/thread.o
                0x00000000000076fe                rt_thread_mdelay
 .text.rt_thread_resume
                0x000000000000770e       0x4c ./rtthread/src/thread.o
                0x000000000000770e                rt_thread_resume
 .text.rt_thread_startup
                0x000000000000775a       0x2e ./rtthread/src/thread.o
                0x000000000000775a                rt_thread_startup
 .text._rt_timer_remove.part.1
                0x0000000000007788       0x12 ./rtthread/src/timer.o
 .text.rt_timer_init
                0x000000000000779a       0x3a ./rtthread/src/timer.o
                0x000000000000779a                rt_timer_init
 .text.rt_timer_detach
                0x00000000000077d4       0x20 ./rtthread/src/timer.o
                0x00000000000077d4                rt_timer_detach
 .text.rt_timer_create
                0x00000000000077f4       0x3a ./rtthread/src/timer.o
                0x00000000000077f4                rt_timer_create
 .text.rt_timer_start
                0x000000000000782e       0x82 ./rtthread/src/timer.o
                0x000000000000782e                rt_timer_start
 .text.rt_timer_stop
                0x00000000000078b0       0x32 ./rtthread/src/timer.o
                0x00000000000078b0                rt_timer_stop
 .text.rt_timer_control
                0x00000000000078e2       0x38 ./rtthread/src/timer.o
                0x00000000000078e2                rt_timer_control
 .text.rt_timer_check
                0x000000000000791a       0x78 ./rtthread/src/timer.o
                0x000000000000791a                rt_timer_check
 .text.rt_system_timer_init
                0x0000000000007992        0xa ./rtthread/src/timer.o
                0x0000000000007992                rt_system_timer_init
 .text.rt_system_timer_thread_init
                0x000000000000799c        0x2 ./rtthread/src/timer.o
                0x000000000000799c                rt_system_timer_thread_init
 .text.rt_hw_stack_init
                0x000000000000799e       0x36 ./rtthread/libcpu/risc-v/common/cpuport.o
                0x000000000000799e                rt_hw_stack_init
 .text.sw_setpend
                0x00000000000079d4       0x10 ./rtthread/libcpu/risc-v/common/cpuport.o
                0x00000000000079d4                sw_setpend
 .text.sw_clearpend
                0x00000000000079e4        0xe ./rtthread/libcpu/risc-v/common/cpuport.o
                0x00000000000079e4                sw_clearpend
 .text.rt_hw_interrupt_disable
                0x00000000000079f2        0xc ./rtthread/libcpu/risc-v/common/cpuport.o
                0x00000000000079f2                rt_hw_interrupt_disable
 .text.rt_hw_interrupt_enable
                0x00000000000079fe        0x6 ./rtthread/libcpu/risc-v/common/cpuport.o
                0x00000000000079fe                rt_hw_interrupt_enable
 .text.rt_hw_context_switch_interrupt
                0x0000000000007a04       0x24 ./rtthread/libcpu/risc-v/common/cpuport.o
                0x0000000000007a04                rt_hw_context_switch_interrupt
 .text.rt_list_len
                0x0000000000007a28       0x12 ./rtthread/components/finsh/cmd.o
 .text.reboot   0x0000000000007a3a       0x12 ./rtthread/components/finsh/cmd.o
                0x0000000000007a3a                reboot
 .text.clear    0x0000000000007a4c       0x16 ./rtthread/components/finsh/cmd.o
                0x0000000000007a4c                clear
 .text.object_split
                0x0000000000007a62       0x20 ./rtthread/components/finsh/cmd.o
 .text.show_wait_queue
                0x0000000000007a82       0x36 ./rtthread/components/finsh/cmd.o
 .text.object_name_maxlen
                0x0000000000007ab8       0x3e ./rtthread/components/finsh/cmd.o
 .text.list_thread
                0x0000000000007af6       0xe4 ./rtthread/components/finsh/cmd.o
                0x0000000000007af6                list_thread
 .text.list_sem
                0x0000000000007bda       0xb6 ./rtthread/components/finsh/cmd.o
                0x0000000000007bda                list_sem
 .text.list_event
                0x0000000000007c90       0xac ./rtthread/components/finsh/cmd.o
                0x0000000000007c90                list_event
 .text.list_mutex
                0x0000000000007d3c       0x82 ./rtthread/components/finsh/cmd.o
                0x0000000000007d3c                list_mutex
 .text.list_mailbox
                0x0000000000007dbe       0xbe ./rtthread/components/finsh/cmd.o
                0x0000000000007dbe                list_mailbox
 .text.list_msgqueue
                0x0000000000007e7c       0xb6 ./rtthread/components/finsh/cmd.o
                0x0000000000007e7c                list_msgqueue
 .text.list_timer
                0x0000000000007f32       0x9a ./rtthread/components/finsh/cmd.o
                0x0000000000007f32                list_timer
 .text.list     0x0000000000007fcc       0x4a ./rtthread/components/finsh/cmd.o
                0x0000000000007fcc                list
 .text.msh_help
                0x0000000000008016       0x58 ./rtthread/components/finsh/msh.o
                0x0000000000008016                msh_help
 .text.msh_is_used
                0x000000000000806e        0x4 ./rtthread/components/finsh/msh.o
                0x000000000000806e                msh_is_used
 .text.msh_exec
                0x0000000000008072      0x1aa ./rtthread/components/finsh/msh.o
                0x0000000000008072                msh_exec
 .text.msh_auto_complete
                0x000000000000821c       0xa2 ./rtthread/components/finsh/msh.o
                0x000000000000821c                msh_auto_complete
 .text.cmd_ps   0x00000000000082be        0xe ./rtthread/components/finsh/msh_cmd.o
                0x00000000000082be                cmd_ps
 .text.cmd_free
                0x00000000000082cc        0xe ./rtthread/components/finsh/msh_cmd.o
                0x00000000000082cc                cmd_free
 .text.finsh_system_init
                0x00000000000082da       0x98 ./rtthread/components/finsh/shell.o
                0x00000000000082da                finsh_system_init
 .text.finsh_get_prompt
                0x0000000000008372       0x40 ./rtthread/components/finsh/shell.o
                0x0000000000008372                finsh_get_prompt
 .text.shell_handle_history
                0x00000000000083b2       0x2e ./rtthread/components/finsh/shell.o
 .text.finsh_thread_entry
                0x00000000000083e0      0x3e2 ./rtthread/components/finsh/shell.o
                0x00000000000083e0                finsh_thread_entry
 .text.rt_heap_begin_get
                0x00000000000087c2        0xa ./rtthread/board.o
                0x00000000000087c2                rt_heap_begin_get
 .text.rt_heap_end_get
                0x00000000000087cc        0xa ./rtthread/board.o
                0x00000000000087cc                rt_heap_end_get
 .text.rt_hw_board_init
                0x00000000000087d6       0x86 ./rtthread/board.o
                0x00000000000087d6                rt_hw_board_init
 .text.SysTick_Handler
                0x000000000000885c       0xac ./rtthread/board.o
                0x000000000000885c                SysTick_Handler
 .text.rt_hw_console_output
                0x0000000000008908       0x2c ./rtthread/board.o
                0x0000000000008908                rt_hw_console_output
 .text.rt_hw_console_getchar
                0x0000000000008934       0x1c ./rtthread/board.o
                0x0000000000008934                rt_hw_console_getchar
 .text.USART3_IRQHandler
                0x0000000000008950       0xc6 ./rtthread/board.o
                0x0000000000008950                USART3_IRQHandler
 .text.Message_Analysis
                0x0000000000008a16       0xba ./code/Communication_doublecar.o
                0x0000000000008a16                Message_Analysis
 .text.StatusCrossRoad_TaskFunction
                0x0000000000008ad0      0x192 ./code/CrossRoad.o
                0x0000000000008ad0                StatusCrossRoad_TaskFunction
 .text.RepairCrossRoad_TaskFunction
                0x0000000000008c62       0x22 ./code/CrossRoad.o
                0x0000000000008c62                RepairCrossRoad_TaskFunction
 .text.StatusCrossWalk_TaskFunction
                0x0000000000008c84      0x356 ./code/CrossWalk.o
                0x0000000000008c84                StatusCrossWalk_TaskFunction
 .text.RepairCrossWalk_TaskFunction
                0x0000000000008fda      0xaca ./code/CrossWalk.o
                0x0000000000008fda                RepairCrossWalk_TaskFunction
 .text.StatusWaitStop_TaskFunction
                0x0000000000009aa4      0x12e ./code/CrossWalk.o
                0x0000000000009aa4                StatusWaitStop_TaskFunction
 .text.RepairWaitStop_TaskFunction
                0x0000000000009bd2      0x298 ./code/CrossWalk.o
                0x0000000000009bd2                RepairWaitStop_TaskFunction
 .text.ShowLoge_DSPFunction
                0x0000000000009e6a       0x56 ./code/DSPFunction.o
                0x0000000000009e6a                ShowLoge_DSPFunction
 .text.GuideChese_DSPFunction
                0x0000000000009ec0      0x13c ./code/DSPFunction.o
                0x0000000000009ec0                GuideChese_DSPFunction
 .text.ElementInital_UltraWideParam
                0x0000000000009ffc       0x42 ./code/ElementProcess.o
                0x0000000000009ffc                ElementInital_UltraWideParam
 .text.ElementHandle_SpecialPoint
                0x000000000000a03e      0x792 ./code/ElementProcess.o
                0x000000000000a03e                ElementHandle_SpecialPoint
 .text.ElementHandle_NormalStatus
                0x000000000000a7d0      0x478 ./code/ElementProcess.o
                0x000000000000a7d0                ElementHandle_NormalStatus
 .text.ElementHandle_SpecialStatus
                0x000000000000ac48      0x318 ./code/ElementProcess.o
                0x000000000000ac48                ElementHandle_SpecialStatus
 .text.SpecialTopCorner_TaskFunction
                0x000000000000af60      0x1d4 ./code/ElementProcess.o
                0x000000000000af60                SpecialTopCorner_TaskFunction
 .text.DropLine_ProtectFunction
                0x000000000000b134       0x36 ./code/ElementProcess.o
                0x000000000000b134                DropLine_ProtectFunction
 .text.ElementHandle_UltraWide
                0x000000000000b16a       0xa6 ./code/FeatureProcess.o
                0x000000000000b16a                ElementHandle_UltraWide
 .text.CalculationCenterLine
                0x000000000000b210      0x4c2 ./code/FeatureProcess.o
                0x000000000000b210                CalculationCenterLine
 .text.SolutionOffestCenterLine
                0x000000000000b6d2      0x118 ./code/FeatureProcess.o
                0x000000000000b6d2                SolutionOffestCenterLine
 .text.ImageHandle_OptimalPoint
                0x000000000000b7ea      0x338 ./code/FeatureProcess.o
                0x000000000000b7ea                ImageHandle_OptimalPoint
 .text.ImageHandle_EdgeBorde
                0x000000000000bb22      0x4ba ./code/FeatureProcess.o
                0x000000000000bb22                ImageHandle_EdgeBorde
 .text.DisPalyImg
                0x000000000000bfdc      0x18c ./code/GUIControl.o
                0x000000000000bfdc                DisPalyImg
 .text.TaskDisplay_ImageFunction
                0x000000000000c168      0x85a ./code/HMIControl.o
                0x000000000000c168                TaskDisplay_ImageFunction
 .text.TaskDisplay_StoreFunction
                0x000000000000c9c2      0x104 ./code/HMIControl.o
                0x000000000000c9c2                TaskDisplay_StoreFunction
 .text.InitalParameter_HIMControl
                0x000000000000cac6       0x1c ./code/HMIControl.o
                0x000000000000cac6                InitalParameter_HIMControl
 .text.TaskImplement_HIMFunction
                0x000000000000cae2      0x166 ./code/HMIControl.o
                0x000000000000cae2                TaskImplement_HIMFunction
 .text.DisplayPage_HIMFunction
                0x000000000000cc48       0xce ./code/HMIControl.o
                0x000000000000cc48                DisplayPage_HIMFunction
 .text.TaskDisplay_MotorFunction
                0x000000000000cd16      0x10e ./code/HMIControl.o
                0x000000000000cd16                TaskDisplay_MotorFunction
 .text.TaskDisplay_SteerFunction
                0x000000000000ce24      0x110 ./code/HMIControl.o
                0x000000000000ce24                TaskDisplay_SteerFunction
 .text.TaskDisplay_OtherFunction
                0x000000000000cf34      0x184 ./code/HMIControl.o
                0x000000000000cf34                TaskDisplay_OtherFunction
 .text.TaskRuning_StareupFunction
                0x000000000000d0b8       0x64 ./code/HMIControl.o
                0x000000000000d0b8                TaskRuning_StareupFunction
 .text.TaskDisplay_MainFunction
                0x000000000000d11c      0x132 ./code/HMIControl.o
                0x000000000000d11c                TaskDisplay_MainFunction
 .text.TaskStopend_StopFunction
                0x000000000000d24e       0x2e ./code/HMIControl.o
                0x000000000000d24e                TaskStopend_StopFunction
 .text.Mpu6050_getdata
                0x000000000000d27c      0x146 ./code/IMU.o
                0x000000000000d27c                Mpu6050_getdata
 .text.get_using_img
                0x000000000000d3c2       0x36 ./code/ImageProcess.o
                0x000000000000d3c2                get_using_img
 .text.GetThreshold
                0x000000000000d3f8      0x13e ./code/ImageProcess.o
                0x000000000000d3f8                GetThreshold
 .text.ImageHandle_threshold
                0x000000000000d536       0x3c ./code/ImageProcess.o
                0x000000000000d536                ImageHandle_threshold
 .text.Ackermann_turn
                0x000000000000d572      0x12e ./code/JJJ_pid.o
                0x000000000000d572                Ackermann_turn
 .text.PID_Place
                0x000000000000d6a0       0x44 ./code/JJJ_pid.o
                0x000000000000d6a0                PID_Place
 .text.PID_place_steer
                0x000000000000d6e4       0x80 ./code/JJJ_pid.o
                0x000000000000d6e4                PID_place_steer
 .text.Change_D_val
                0x000000000000d764        0x4 ./code/JJJ_pid.o
                0x000000000000d764                Change_D_val
 .text.Change_P_val
                0x000000000000d768        0x4 ./code/JJJ_pid.o
                0x000000000000d768                Change_P_val
 .text.Change_I_val
                0x000000000000d76c        0x4 ./code/JJJ_pid.o
                0x000000000000d76c                Change_I_val
 .text.regression
                0x000000000000d770       0x86 ./code/LeastSquare.o
                0x000000000000d770                regression
 .text.my_sqrt  0x000000000000d7f6       0x50 ./code/LeastSquare.o
                0x000000000000d7f6                my_sqrt
 .text.Slope_Calculate
                0x000000000000d846       0x78 ./code/LeastSquare.o
                0x000000000000d846                Slope_Calculate
 .text.IncludedAngleCOS
                0x000000000000d8be       0x88 ./code/LeastSquare.o
                0x000000000000d8be                IncludedAngleCOS
 .text.find_corners
                0x000000000000d946      0x80e ./code/Perspective.o
                0x000000000000d946                find_corners
 .text.findline_lefthand_adaptive
                0x000000000000e154       0xca ./code/Perspective.o
                0x000000000000e154                findline_lefthand_adaptive
 .text.findline_righthand_adaptive
                0x000000000000e21e       0xca ./code/Perspective.o
                0x000000000000e21e                findline_righthand_adaptive
 .text.blur_points
                0x000000000000e2e8       0x88 ./code/Perspective.o
                0x000000000000e2e8                blur_points
 .text.resample_points
                0x000000000000e370      0x104 ./code/Perspective.o
                0x000000000000e370                resample_points
 .text.local_angle_points
                0x000000000000e474       0xe8 ./code/Perspective.o
                0x000000000000e474                local_angle_points
 .text.nms_angle
                0x000000000000e55c       0x68 ./code/Perspective.o
                0x000000000000e55c                nms_angle
 .text.ImageHandle_LineProcess
                0x000000000000e5c4      0x538 ./code/Perspective.o
                0x000000000000e5c4                ImageHandle_LineProcess
 .text.StatusRoundabout_TaskFunction
                0x000000000000eafc      0x6f2 ./code/Roundabout.o
                0x000000000000eafc                StatusRoundabout_TaskFunction
 .text.RepairRoundabout_TaskFunction
                0x000000000000f1ee      0x972 ./code/Roundabout.o
                0x000000000000f1ee                RepairRoundabout_TaskFunction
 .text.PlanBStatus_TaskFunction
                0x000000000000fb60      0x834 ./code/SchemeFunction.o
                0x000000000000fb60                PlanBStatus_TaskFunction
 .text.PlanBEvent_TaskFunction
                0x0000000000010394       0x22 ./code/SchemeFunction.o
                0x0000000000010394                PlanBEvent_TaskFunction
 .text.DefaultScheme_SchemeFunction
                0x00000000000103b6       0x22 ./code/SchemeFunction.o
                0x00000000000103b6                DefaultScheme_SchemeFunction
 .text.ProgrammeB_SchemeFunction
                0x00000000000103d8       0x22 ./code/SchemeFunction.o
                0x00000000000103d8                ProgrammeB_SchemeFunction
 .text.uart_ultrasonic_handler
                0x00000000000103fa       0x5a ./code/Split_ultrasonic.o
                0x00000000000103fa                uart_ultrasonic_handler
 .text.Parameter_StareDispose
                0x0000000000010454        0x2 ./code/SystemOS.o
                0x0000000000010454                Parameter_StareDispose
 .text.RealTimeOS_OperationSystem
                0x0000000000010456       0x7e ./code/SystemOS.o
                0x0000000000010456                RealTimeOS_OperationSystem
 .text.CurveStatus_TaskFunction
                0x00000000000104d4       0xc4 ./code/TaskFunction.o
                0x00000000000104d4                CurveStatus_TaskFunction
 .text.ObserverStatus_TaskFunction
                0x0000000000010598      0x776 ./code/TaskFunction.o
                0x0000000000010598                ObserverStatus_TaskFunction
 .text.NullFunction_TaskFunction
                0x0000000000010d0e        0x2 ./code/TaskFunction.o
                0x0000000000010d0e                NullFunction_TaskFunction
 .text.InitalParam_TaskFunction
                0x0000000000010d10       0x5a ./code/TaskFunction.o
                0x0000000000010d10                InitalParam_TaskFunction
 .text.TaskImplement_TaskFunction
                0x0000000000010d6a       0x34 ./code/TaskFunction.o
                0x0000000000010d6a                TaskImplement_TaskFunction
 .text.RepairTrident_TaskFunction
                0x0000000000010d9e      0x632 ./code/TridentRoad.o
                0x0000000000010d9e                RepairTrident_TaskFunction
 .text.TridentMiddle_TaskFunction
                0x00000000000113d0      0x20c ./code/TridentRoad.o
                0x00000000000113d0                TridentMiddle_TaskFunction
 .text.StatusTridentRoad_TaskFunction
                0x00000000000115dc      0x3c8 ./code/TridentRoad.o
                0x00000000000115dc                StatusTridentRoad_TaskFunction
 .text.G        0x00000000000119a4       0x14 ./code/msh_cmd.o
                0x00000000000119a4                G
 .text.S        0x00000000000119b8       0x14 ./code/msh_cmd.o
                0x00000000000119b8                S
 .text.set      0x00000000000119cc       0x1c ./code/msh_cmd.o
                0x00000000000119cc                set
 .text.steer    0x00000000000119e8       0x1c ./code/msh_cmd.o
                0x00000000000119e8                steer
 .text.pid_l    0x0000000000011a04       0x3a ./code/msh_cmd.o
                0x0000000000011a04                pid_l
 .text.pid_r    0x0000000000011a3e       0x3a ./code/msh_cmd.o
                0x0000000000011a3e                pid_r
 .text.tanf     0x0000000000011a78       0x58 d:/wch_car/ch32v307vct6/mounriveride/mounriver/mounriver_studio/toolchain/risc-v embedded gcc/bin/../lib/gcc/riscv-none-embed/8.2.0/../../../../riscv-none-embed/lib/rv32imafcxw/ilp32f\libm.a(lib_a-sf_tan.o)
                0x0000000000011a78                tanf
 .text.atan2f   0x0000000000011ad0        0x2 d:/wch_car/ch32v307vct6/mounriveride/mounriver/mounriver_studio/toolchain/risc-v embedded gcc/bin/../lib/gcc/riscv-none-embed/8.2.0/../../../../riscv-none-embed/lib/rv32imafcxw/ilp32f\libm.a(lib_a-wf_atan2.o)
                0x0000000000011ad0                atan2f
 .text.__ieee754_atan2f
                0x0000000000011ad2      0x1c4 d:/wch_car/ch32v307vct6/mounriveride/mounriver/mounriver_studio/toolchain/risc-v embedded gcc/bin/../lib/gcc/riscv-none-embed/8.2.0/../../../../riscv-none-embed/lib/rv32imafcxw/ilp32f\libm.a(lib_a-ef_atan2.o)
                0x0000000000011ad2                __ieee754_atan2f
 .text.__ieee754_rem_pio2f
                0x0000000000011c96      0x2b4 d:/wch_car/ch32v307vct6/mounriveride/mounriver/mounriver_studio/toolchain/risc-v embedded gcc/bin/../lib/gcc/riscv-none-embed/8.2.0/../../../../riscv-none-embed/lib/rv32imafcxw/ilp32f\libm.a(lib_a-ef_rem_pio2.o)
                0x0000000000011c96                __ieee754_rem_pio2f
 .text.__kernel_rem_pio2f
                0x0000000000011f4a      0x6fc d:/wch_car/ch32v307vct6/mounriveride/mounriver/mounriver_studio/toolchain/risc-v embedded gcc/bin/../lib/gcc/riscv-none-embed/8.2.0/../../../../riscv-none-embed/lib/rv32imafcxw/ilp32f\libm.a(lib_a-kf_rem_pio2.o)
                0x0000000000011f4a                __kernel_rem_pio2f
 .text.__kernel_tanf
                0x0000000000012646      0x218 d:/wch_car/ch32v307vct6/mounriveride/mounriver/mounriver_studio/toolchain/risc-v embedded gcc/bin/../lib/gcc/riscv-none-embed/8.2.0/../../../../riscv-none-embed/lib/rv32imafcxw/ilp32f\libm.a(lib_a-kf_tan.o)
                0x0000000000012646                __kernel_tanf
 .text.atanf    0x000000000001285e      0x204 d:/wch_car/ch32v307vct6/mounriveride/mounriver/mounriver_studio/toolchain/risc-v embedded gcc/bin/../lib/gcc/riscv-none-embed/8.2.0/../../../../riscv-none-embed/lib/rv32imafcxw/ilp32f\libm.a(lib_a-sf_atan.o)
                0x000000000001285e                atanf
 .text.fabsf    0x0000000000012a62        0xe d:/wch_car/ch32v307vct6/mounriveride/mounriver/mounriver_studio/toolchain/risc-v embedded gcc/bin/../lib/gcc/riscv-none-embed/8.2.0/../../../../riscv-none-embed/lib/rv32imafcxw/ilp32f\libm.a(lib_a-sf_fabs.o)
                0x0000000000012a62                fabsf
 .text.floorf   0x0000000000012a70       0xb2 d:/wch_car/ch32v307vct6/mounriveride/mounriver/mounriver_studio/toolchain/risc-v embedded gcc/bin/../lib/gcc/riscv-none-embed/8.2.0/../../../../riscv-none-embed/lib/rv32imafcxw/ilp32f\libm.a(lib_a-sf_floor.o)
                0x0000000000012a70                floorf
 .text.scalbnf  0x0000000000012b22      0x100 d:/wch_car/ch32v307vct6/mounriveride/mounriver/mounriver_studio/toolchain/risc-v embedded gcc/bin/../lib/gcc/riscv-none-embed/8.2.0/../../../../riscv-none-embed/lib/rv32imafcxw/ilp32f\libm.a(lib_a-sf_scalbn.o)
                0x0000000000012b22                scalbnf
 .text.copysignf
                0x0000000000012c22       0x1c d:/wch_car/ch32v307vct6/mounriveride/mounriver/mounriver_studio/toolchain/risc-v embedded gcc/bin/../lib/gcc/riscv-none-embed/8.2.0/../../../../riscv-none-embed/lib/rv32imafcxw/ilp32f\libm.a(lib_a-sf_copysign.o)
                0x0000000000012c22                copysignf
 .text.printchar
                0x0000000000012c3e       0x4a d:/wch_car/ch32v307vct6/mounriveride/mounriver/mounriver_studio/toolchain/risc-v embedded gcc/bin/../lib/gcc/riscv-none-embed/8.2.0/../../../../riscv-none-embed/lib/rv32imafcxw/ilp32f\libprintfloat.a(printfloat.o)
                0x0000000000012c3e                printchar
 .text.prints   0x0000000000012c88       0xe0 d:/wch_car/ch32v307vct6/mounriveride/mounriver/mounriver_studio/toolchain/risc-v embedded gcc/bin/../lib/gcc/riscv-none-embed/8.2.0/../../../../riscv-none-embed/lib/rv32imafcxw/ilp32f\libprintfloat.a(printfloat.o)
                0x0000000000012c88                prints
 .text.printInt
                0x0000000000012d68       0xf2 d:/wch_car/ch32v307vct6/mounriveride/mounriver/mounriver_studio/toolchain/risc-v embedded gcc/bin/../lib/gcc/riscv-none-embed/8.2.0/../../../../riscv-none-embed/lib/rv32imafcxw/ilp32f\libprintfloat.a(printfloat.o)
                0x0000000000012d68                printInt
 .text.printLongLongInt
                0x0000000000012e5a      0x120 d:/wch_car/ch32v307vct6/mounriveride/mounriver/mounriver_studio/toolchain/risc-v embedded gcc/bin/../lib/gcc/riscv-none-embed/8.2.0/../../../../riscv-none-embed/lib/rv32imafcxw/ilp32f\libprintfloat.a(printfloat.o)
                0x0000000000012e5a                printLongLongInt
 .text.printDouble
                0x0000000000012f7a      0x100 d:/wch_car/ch32v307vct6/mounriveride/mounriver/mounriver_studio/toolchain/risc-v embedded gcc/bin/../lib/gcc/riscv-none-embed/8.2.0/../../../../riscv-none-embed/lib/rv32imafcxw/ilp32f\libprintfloat.a(printfloat.o)
                0x0000000000012f7a                printDouble
 .text.print    0x000000000001307a      0x358 d:/wch_car/ch32v307vct6/mounriveride/mounriver/mounriver_studio/toolchain/risc-v embedded gcc/bin/../lib/gcc/riscv-none-embed/8.2.0/../../../../riscv-none-embed/lib/rv32imafcxw/ilp32f\libprintfloat.a(printfloat.o)
                0x000000000001307a                print
 .text.printf   0x00000000000133d2       0x24 d:/wch_car/ch32v307vct6/mounriveride/mounriver/mounriver_studio/toolchain/risc-v embedded gcc/bin/../lib/gcc/riscv-none-embed/8.2.0/../../../../riscv-none-embed/lib/rv32imafcxw/ilp32f\libprintfloat.a(printfloat.o)
                0x00000000000133d2                printf
 .text.__udivdi3
                0x00000000000133f6      0x392 d:/wch_car/ch32v307vct6/mounriveride/mounriver/mounriver_studio/toolchain/risc-v embedded gcc/bin/../lib/gcc/riscv-none-embed/8.2.0/rv32imafcxw/ilp32f\libgcc.a(_udivdi3.o)
                0x00000000000133f6                __udivdi3
 .text.__umoddi3
                0x0000000000013788      0x38a d:/wch_car/ch32v307vct6/mounriveride/mounriver/mounriver_studio/toolchain/risc-v embedded gcc/bin/../lib/gcc/riscv-none-embed/8.2.0/rv32imafcxw/ilp32f\libgcc.a(_umoddi3.o)
                0x0000000000013788                __umoddi3
 .text.__adddf3
                0x0000000000013b12      0xa0e d:/wch_car/ch32v307vct6/mounriveride/mounriver/mounriver_studio/toolchain/risc-v embedded gcc/bin/../lib/gcc/riscv-none-embed/8.2.0/rv32imafcxw/ilp32f\libgcc.a(adddf3.o)
                0x0000000000013b12                __adddf3
 .text.__divdf3
                0x0000000000014520      0x7ea d:/wch_car/ch32v307vct6/mounriveride/mounriver/mounriver_studio/toolchain/risc-v embedded gcc/bin/../lib/gcc/riscv-none-embed/8.2.0/rv32imafcxw/ilp32f\libgcc.a(divdf3.o)
                0x0000000000014520                __divdf3
 .text.__gedf2  0x0000000000014d0a       0xb6 d:/wch_car/ch32v307vct6/mounriveride/mounriver/mounriver_studio/toolchain/risc-v embedded gcc/bin/../lib/gcc/riscv-none-embed/8.2.0/rv32imafcxw/ilp32f\libgcc.a(gedf2.o)
                0x0000000000014d0a                __gedf2
                0x0000000000014d0a                __gtdf2
 .text.__ledf2  0x0000000000014dc0       0xb6 d:/wch_car/ch32v307vct6/mounriveride/mounriver/mounriver_studio/toolchain/risc-v embedded gcc/bin/../lib/gcc/riscv-none-embed/8.2.0/rv32imafcxw/ilp32f\libgcc.a(ledf2.o)
                0x0000000000014dc0                __ledf2
                0x0000000000014dc0                __ltdf2
 .text.__muldf3
                0x0000000000014e76      0x656 d:/wch_car/ch32v307vct6/mounriveride/mounriver/mounriver_studio/toolchain/risc-v embedded gcc/bin/../lib/gcc/riscv-none-embed/8.2.0/rv32imafcxw/ilp32f\libgcc.a(muldf3.o)
                0x0000000000014e76                __muldf3
 .text.__subdf3
                0x00000000000154cc      0xa8c d:/wch_car/ch32v307vct6/mounriveride/mounriver/mounriver_studio/toolchain/risc-v embedded gcc/bin/../lib/gcc/riscv-none-embed/8.2.0/rv32imafcxw/ilp32f\libgcc.a(subdf3.o)
                0x00000000000154cc                __subdf3
 .text.__fixdfdi
                0x0000000000015f58      0x130 d:/wch_car/ch32v307vct6/mounriveride/mounriver/mounriver_studio/toolchain/risc-v embedded gcc/bin/../lib/gcc/riscv-none-embed/8.2.0/rv32imafcxw/ilp32f\libgcc.a(fixdfdi.o)
                0x0000000000015f58                __fixdfdi
 .text.__floatdidf
                0x0000000000016088      0x21c d:/wch_car/ch32v307vct6/mounriveride/mounriver/mounriver_studio/toolchain/risc-v embedded gcc/bin/../lib/gcc/riscv-none-embed/8.2.0/rv32imafcxw/ilp32f\libgcc.a(floatdidf.o)
                0x0000000000016088                __floatdidf
 .text.__extendsfdf2
                0x00000000000162a4       0xe8 d:/wch_car/ch32v307vct6/mounriveride/mounriver/mounriver_studio/toolchain/risc-v embedded gcc/bin/../lib/gcc/riscv-none-embed/8.2.0/rv32imafcxw/ilp32f\libgcc.a(extendsfdf2.o)
                0x00000000000162a4                __extendsfdf2
 .text.__truncdfsf2
                0x000000000001638c      0x31e d:/wch_car/ch32v307vct6/mounriveride/mounriver/mounriver_studio/toolchain/risc-v embedded gcc/bin/../lib/gcc/riscv-none-embed/8.2.0/rv32imafcxw/ilp32f\libgcc.a(truncdfsf2.o)
                0x000000000001638c                __truncdfsf2
 .text.__clzsi2
                0x00000000000166aa       0x6e d:/wch_car/ch32v307vct6/mounriveride/mounriver/mounriver_studio/toolchain/risc-v embedded gcc/bin/../lib/gcc/riscv-none-embed/8.2.0/rv32imafcxw/ilp32f\libgcc.a(_clzsi2.o)
                0x00000000000166aa                __clzsi2
 .text.__locale_ctype_ptr
                0x0000000000016718       0x18 d:/wch_car/ch32v307vct6/mounriveride/mounriver/mounriver_studio/toolchain/risc-v embedded gcc/bin/../lib/gcc/riscv-none-embed/8.2.0/../../../../riscv-none-embed/lib/rv32imafcxw/ilp32f\libg_nano.a(lib_a-locale.o)
                0x0000000000016718                __locale_ctype_ptr
 .text.__ascii_mbtowc
                0x0000000000016730       0x32 d:/wch_car/ch32v307vct6/mounriveride/mounriver/mounriver_studio/toolchain/risc-v embedded gcc/bin/../lib/gcc/riscv-none-embed/8.2.0/../../../../riscv-none-embed/lib/rv32imafcxw/ilp32f\libg_nano.a(lib_a-mbtowc_r.o)
                0x0000000000016730                __ascii_mbtowc
 .text.memcmp   0x0000000000016762       0x24 d:/wch_car/ch32v307vct6/mounriveride/mounriver/mounriver_studio/toolchain/risc-v embedded gcc/bin/../lib/gcc/riscv-none-embed/8.2.0/../../../../riscv-none-embed/lib/rv32imafcxw/ilp32f\libg_nano.a(lib_a-memcmp.o)
                0x0000000000016762                memcmp
 .text.memcpy   0x0000000000016786       0xb2 d:/wch_car/ch32v307vct6/mounriveride/mounriver/mounriver_studio/toolchain/risc-v embedded gcc/bin/../lib/gcc/riscv-none-embed/8.2.0/../../../../riscv-none-embed/lib/rv32imafcxw/ilp32f\libg_nano.a(lib_a-memcpy.o)
                0x0000000000016786                memcpy
 .text.strcat   0x0000000000016838       0x1e d:/wch_car/ch32v307vct6/mounriveride/mounriver/mounriver_studio/toolchain/risc-v embedded gcc/bin/../lib/gcc/riscv-none-embed/8.2.0/../../../../riscv-none-embed/lib/rv32imafcxw/ilp32f\libg_nano.a(lib_a-strcat.o)
                0x0000000000016838                strcat
 .text.strcpy   0x0000000000016856       0x10 d:/wch_car/ch32v307vct6/mounriveride/mounriver/mounriver_studio/toolchain/risc-v embedded gcc/bin/../lib/gcc/riscv-none-embed/8.2.0/../../../../riscv-none-embed/lib/rv32imafcxw/ilp32f\libg_nano.a(lib_a-strcpy.o)
                0x0000000000016856                strcpy
 .text.strlen   0x0000000000016866       0x12 d:/wch_car/ch32v307vct6/mounriveride/mounriver/mounriver_studio/toolchain/risc-v embedded gcc/bin/../lib/gcc/riscv-none-embed/8.2.0/../../../../riscv-none-embed/lib/rv32imafcxw/ilp32f\libg_nano.a(lib_a-strlen.o)
                0x0000000000016866                strlen
 .text.strncmp  0x0000000000016878       0x28 d:/wch_car/ch32v307vct6/mounriveride/mounriver/mounriver_studio/toolchain/risc-v embedded gcc/bin/../lib/gcc/riscv-none-embed/8.2.0/../../../../riscv-none-embed/lib/rv32imafcxw/ilp32f\libg_nano.a(lib_a-strncmp.o)
                0x0000000000016878                strncmp
 .text.__ascii_wctomb
                0x00000000000168a0       0x1e d:/wch_car/ch32v307vct6/mounriveride/mounriver/mounriver_studio/toolchain/risc-v embedded gcc/bin/../lib/gcc/riscv-none-embed/8.2.0/../../../../riscv-none-embed/lib/rv32imafcxw/ilp32f\libg_nano.a(lib_a-wctomb_r.o)
                0x00000000000168a0                __ascii_wctomb
 *(.rodata)
 *(.rodata*)
 *fill*         0x00000000000168be        0x2 
 .rodata.encoder_init_quad.str1.4
                0x00000000000168c0       0x65 ./zf_driver/zf_driver_encoder.o
 *fill*         0x0000000000016925        0x3 
 .rodata.gpio_group
                0x0000000000016928       0x14 ./zf_driver/zf_driver_gpio.o
                0x0000000000016928                gpio_group
 .rodata.pwm_init.str1.4
                0x000000000001693c       0x61 ./zf_driver/zf_driver_pwm.o
 *fill*         0x000000000001699d        0x3 
 .rodata.spi_gpio_init.str1.4
                0x00000000000169a0       0x61 ./zf_driver/zf_driver_spi.o
 *fill*         0x0000000000016a01        0x3 
 .rodata.spi_index
                0x0000000000016a04        0xc ./zf_driver/zf_driver_spi.o
                0x0000000000016a04                spi_index
 .rodata.tim_index
                0x0000000000016a10       0x28 ./zf_driver/zf_driver_timer.o
                0x0000000000016a10                tim_index
 .rodata.uart_index
                0x0000000000016a38       0x20 ./zf_driver/zf_driver_uart.o
                0x0000000000016a38                uart_index
 .rodata.ips114_draw_line.str1.4
                0x0000000000016a58       0x64 ./zf_device/zf_device_ips114.o
 .rodata.ips114_show_float.cst4
                0x0000000000016abc        0x8 ./zf_device/zf_device_ips114.o
 .rodata.mpu6050_init.str1.4
                0x0000000000016ac4       0x82 ./zf_device/zf_device_mpu6050.o
 *fill*         0x0000000000016b46        0x2 
 .rodata.mt9v03x_init_dvp.str1.4
                0x0000000000016b48       0x69 ./zf_device/zf_device_mt9v03x_dvp.o
 *fill*         0x0000000000016bb1        0x3 
 .rodata.debug_assert_handler.str1.4
                0x0000000000016bb4       0x1e ./zf_common/zf_common_debug.o
 *fill*         0x0000000000016bd2        0x2 
 .rodata.debug_log_handler.str1.4
                0x0000000000016bd4       0x25 ./zf_common/zf_common_debug.o
 *fill*         0x0000000000016bf9        0x3 
 .rodata.tft_ascii
                0x0000000000016bfc      0x5f0 ./zf_common/zf_common_font.o
                0x0000000000016bfc                tft_ascii
 .rodata.str_to_float.cst4
                0x00000000000171ec        0x4 ./zf_common/zf_common_function.o
 .rodata.HardFault_Handler.str1.4
                0x00000000000171ec        0xc ./user_c/isr.o
 .rodata.NMI_Handler.str1.4
                0x00000000000171f8        0xf ./user_c/isr.o
 *fill*         0x0000000000017207        0x1 
 .rodata.Speed_Feedback_entry.cst8
                0x0000000000017208       0x10 ./user_c/main.o
 .rodata.app_init.str1.4
                0x0000000000017218       0x6c ./user_c/main.o
 .rodata.device_init.str1.4
                0x0000000000017284       0x6c ./user_c/main.o
 .rodata.distance_thread_entry.cst4
                0x00000000000172f0       0x14 ./user_c/main.o
                                         0x18 (size before relaxing)
 .rodata.show_thread_entry.str1.4
                0x0000000000017304        0xd ./user_c/main.o
 *fill*         0x0000000000017311        0x3 
 .rodata.OTG_FS_IRQHandler
                0x0000000000017314       0x30 ./sdk/Peripheral/ch32v30x_usbotg_device.o
 .rodata.MyCfgDescrHD
                0x0000000000017344       0x43 ./sdk/Peripheral/ch32v30x_usbotg_device.o
                0x0000000000017344                MyCfgDescrHD
 *fill*         0x0000000000017387        0x1 
 .rodata.MyDevDescrHD
                0x0000000000017388       0x12 ./sdk/Peripheral/ch32v30x_usbotg_device.o
                0x0000000000017388                MyDevDescrHD
 *fill*         0x000000000001739a        0x2 
 .rodata.MyManuInfoHD
                0x000000000001739c        0xe ./sdk/Peripheral/ch32v30x_usbotg_device.o
                0x000000000001739c                MyManuInfoHD
 *fill*         0x00000000000173aa        0x2 
 .rodata.MyProdInfoHD
                0x00000000000173ac        0xc ./sdk/Peripheral/ch32v30x_usbotg_device.o
                0x00000000000173ac                MyProdInfoHD
 .rodata.MyReportDescHD
                0x00000000000173b8       0x14 ./sdk/Peripheral/ch32v30x_usbotg_device.o
                0x00000000000173b8                MyReportDescHD
 .rodata.MySerNumInfoHD
                0x00000000000173cc       0x16 ./sdk/Peripheral/ch32v30x_usbotg_device.o
                0x00000000000173cc                MySerNumInfoHD
 *fill*         0x00000000000173e2        0x2 
 .rodata.MyUSBQUADescHD
                0x00000000000173e4        0xa ./sdk/Peripheral/ch32v30x_usbotg_device.o
                0x00000000000173e4                MyUSBQUADescHD
 *fill*         0x00000000000173ee        0x2 
 .rodata.OTG_FS_IRQHandler.str1.4
                0x00000000000173f0       0x41 ./sdk/Peripheral/ch32v30x_usbotg_device.o
 *fill*         0x0000000000017431        0x3 
 .rodata.rt_application_init.str1.4
                0x0000000000017434        0x5 ./rtthread/src/components.o
 *fill*         0x0000000000017439        0x3 
 .rodata.rt_thread_idle_init.str1.4
                0x000000000001743c        0x6 ./rtthread/src/idle.o
 *fill*         0x0000000000017442        0x2 
 .rodata.__lowest_bit_bitmap
                0x0000000000017444      0x100 ./rtthread/src/kservice.o
                0x0000000000017444                __lowest_bit_bitmap
 .rodata.large_digits.4250
                0x0000000000017544       0x11 ./rtthread/src/kservice.o
 *fill*         0x0000000000017555        0x3 
 .rodata.rt_show_version.str1.4
                0x0000000000017558       0x86 ./rtthread/src/kservice.o
 *fill*         0x00000000000175de        0x2 
 .rodata.rt_vsnprintf.str1.4
                0x00000000000175e0        0x7 ./rtthread/src/kservice.o
 *fill*         0x00000000000175e7        0x1 
 .rodata.small_digits.4249
                0x00000000000175e8       0x11 ./rtthread/src/kservice.o
 *fill*         0x00000000000175f9        0x3 
 .rodata.list_mem.str1.4
                0x00000000000175fc       0x46 ./rtthread/src/mem.o
 *fill*         0x0000000000017642        0x2 
 .rodata.name   0x0000000000017644       0x29 ./rtthread/src/mem.o
                0x0000000000017644                __fsym_list_mem_desc
                0x0000000000017664                __fsym_list_mem_name
 *fill*         0x000000000001766d        0x3 
 .rodata.rt_free.str1.4
                0x0000000000017670       0x4c ./rtthread/src/mem.o
 .rodata.rt_system_heap_init.str1.4
                0x00000000000176bc       0x42 ./rtthread/src/mem.o
 *fill*         0x00000000000176fe        0x2 
 .rodata.clear.str1.4
                0x0000000000017700        0x8 ./rtthread/components/finsh/cmd.o
 .rodata.list.str1.4
                0x0000000000017708       0x25 ./rtthread/components/finsh/cmd.o
 *fill*         0x000000000001772d        0x3 
 .rodata.list_event.str1.4
                0x0000000000017730       0x6e ./rtthread/components/finsh/cmd.o
                                         0x76 (size before relaxing)
 *fill*         0x000000000001779e        0x2 
 .rodata.list_mailbox.str1.4
                0x00000000000177a0       0x76 ./rtthread/components/finsh/cmd.o
 *fill*         0x0000000000017816        0x2 
 .rodata.list_msgqueue.str1.4
                0x0000000000017818       0x65 ./rtthread/components/finsh/cmd.o
 *fill*         0x000000000001787d        0x3 
 .rodata.list_mutex.str1.4
                0x0000000000017880       0x63 ./rtthread/components/finsh/cmd.o
 *fill*         0x00000000000178e3        0x1 
 .rodata.list_sem.str1.4
                0x00000000000178e4       0x60 ./rtthread/components/finsh/cmd.o
                                         0x64 (size before relaxing)
 .rodata.list_thread.str1.4
                0x0000000000017944       0xf0 ./rtthread/components/finsh/cmd.o
 .rodata.list_timer.str1.4
                0x0000000000017a34       0x9d ./rtthread/components/finsh/cmd.o
 *fill*         0x0000000000017ad1        0x3 
 .rodata.name   0x0000000000017ad4      0x2d3 ./rtthread/components/finsh/cmd.o
                0x0000000000017ad4                __fsym_list_desc
                0x0000000000017af0                __fsym_list_name
                0x0000000000017af8                __fsym___cmd_list_timer_desc
                0x0000000000017b10                __fsym___cmd_list_timer_name
                0x0000000000017b24                __fsym_list_timer_desc
                0x0000000000017b3c                __fsym_list_timer_name
                0x0000000000017b48                __fsym___cmd_list_msgqueue_desc
                0x0000000000017b68                __fsym___cmd_list_msgqueue_name
                0x0000000000017b7c                __fsym_list_msgqueue_desc
                0x0000000000017b9c                __fsym_list_msgqueue_name
                0x0000000000017bac                __fsym___cmd_list_mailbox_desc
                0x0000000000017bc4                __fsym___cmd_list_mailbox_name
                0x0000000000017bd8                __fsym_list_mailbox_desc
                0x0000000000017bf0                __fsym_list_mailbox_name
                0x0000000000017c00                __fsym___cmd_list_mutex_desc
                0x0000000000017c18                __fsym___cmd_list_mutex_name
                0x0000000000017c2c                __fsym_list_mutex_desc
                0x0000000000017c44                __fsym_list_mutex_name
                0x0000000000017c50                __fsym___cmd_list_event_desc
                0x0000000000017c68                __fsym___cmd_list_event_name
                0x0000000000017c7c                __fsym_list_event_desc
                0x0000000000017c94                __fsym_list_event_name
                0x0000000000017ca0                __fsym___cmd_list_sem_desc
                0x0000000000017cbc                __fsym___cmd_list_sem_name
                0x0000000000017ccc                __fsym_list_sem_desc
                0x0000000000017ce8                __fsym_list_sem_name
                0x0000000000017cf4                __fsym___cmd_list_thread_desc